Component: Arm Compiler for Embedded 6.21 Tool: armlink [5ec1fa00]

==============================================================================

Section Cross References

    startup_stm32f407xx.o(RESET) refers to startup_stm32f407xx.o(STACK) for __initial_sp
    startup_stm32f407xx.o(RESET) refers to startup_stm32f407xx.o(.text) for Reset_Handler
    startup_stm32f407xx.o(RESET) refers to stm32f4xx_it.o(.text.NMI_Handler) for NMI_Handler
    startup_stm32f407xx.o(RESET) refers to stm32f4xx_it.o(.text.HardFault_Handler) for HardFault_Handler
    startup_stm32f407xx.o(RESET) refers to stm32f4xx_it.o(.text.MemManage_Handler) for MemManage_Handler
    startup_stm32f407xx.o(RESET) refers to stm32f4xx_it.o(.text.BusFault_Handler) for BusFault_Handler
    startup_stm32f407xx.o(RESET) refers to stm32f4xx_it.o(.text.UsageFault_Handler) for UsageFault_Handler
    startup_stm32f407xx.o(RESET) refers to stm32f4xx_it.o(.text.SVC_Handler) for SVC_Handler
    startup_stm32f407xx.o(RESET) refers to stm32f4xx_it.o(.text.DebugMon_Handler) for DebugMon_Handler
    startup_stm32f407xx.o(RESET) refers to stm32f4xx_it.o(.text.PendSV_Handler) for PendSV_Handler
    startup_stm32f407xx.o(RESET) refers to stm32f4xx_it.o(.text.SysTick_Handler) for SysTick_Handler
    startup_stm32f407xx.o(RESET) refers to stm32f4xx_it.o(.text.EXTI0_IRQHandler) for EXTI0_IRQHandler
    startup_stm32f407xx.o(RESET) refers to stm32f4xx_it.o(.text.EXTI4_IRQHandler) for EXTI4_IRQHandler
    startup_stm32f407xx.o(RESET) refers to stm32f4xx_it.o(.text.ADC_IRQHandler) for ADC_IRQHandler
    startup_stm32f407xx.o(RESET) refers to stm32f4xx_it.o(.text.DMA2_Stream0_IRQHandler) for DMA2_Stream0_IRQHandler
    startup_stm32f407xx.o(RESET) refers to stm32f4xx_it.o(.text.DMA2_Stream2_IRQHandler) for DMA2_Stream2_IRQHandler
    startup_stm32f407xx.o(RESET) refers to stm32f4xx_it.o(.text.DMA2_Stream4_IRQHandler) for DMA2_Stream4_IRQHandler
    startup_stm32f407xx.o(.text) refers to system_stm32f4xx.o(.text.SystemInit) for SystemInit
    startup_stm32f407xx.o(.text) refers to entry.o(.ARM.Collect$$$$00000000) for __main
    ad9954.o(.ARM.exidx.text.AD9954_GPIO_Init) refers to ad9954.o(.text.AD9954_GPIO_Init) for [Anonymous Symbol]
    ad9954.o(.text.AD9954_RESET) refers to stm32f4xx_hal_gpio.o(.text.HAL_GPIO_WritePin) for HAL_GPIO_WritePin
    ad9954.o(.text.AD9954_RESET) refers to stm32f4xx_hal.o(.text.HAL_Delay) for HAL_Delay
    ad9954.o(.ARM.exidx.text.AD9954_RESET) refers to ad9954.o(.text.AD9954_RESET) for [Anonymous Symbol]
    ad9954.o(.text.UPDATE) refers to stm32f4xx_hal_gpio.o(.text.HAL_GPIO_WritePin) for HAL_GPIO_WritePin
    ad9954.o(.text.UPDATE) refers to delay.o(.text.delay_us) for delay_us
    ad9954.o(.ARM.exidx.text.UPDATE) refers to ad9954.o(.text.UPDATE) for [Anonymous Symbol]
    ad9954.o(.text.AD9954_Send_Byte) refers to stm32f4xx_hal_gpio.o(.text.HAL_GPIO_WritePin) for HAL_GPIO_WritePin
    ad9954.o(.text.AD9954_Send_Byte) refers to delay.o(.text.delay_us) for delay_us
    ad9954.o(.ARM.exidx.text.AD9954_Send_Byte) refers to ad9954.o(.text.AD9954_Send_Byte) for [Anonymous Symbol]
    ad9954.o(.text.AD9954_Read_Byte) refers to stm32f4xx_hal_gpio.o(.text.HAL_GPIO_WritePin) for HAL_GPIO_WritePin
    ad9954.o(.text.AD9954_Read_Byte) refers to delay.o(.text.delay_us) for delay_us
    ad9954.o(.text.AD9954_Read_Byte) refers to stm32f4xx_hal_gpio.o(.text.HAL_GPIO_ReadPin) for HAL_GPIO_ReadPin
    ad9954.o(.ARM.exidx.text.AD9954_Read_Byte) refers to ad9954.o(.text.AD9954_Read_Byte) for [Anonymous Symbol]
    ad9954.o(.text.AD9954_Write_nByte) refers to ad9954.o(.text.AD9954_Send_Byte) for AD9954_Send_Byte
    ad9954.o(.ARM.exidx.text.AD9954_Write_nByte) refers to ad9954.o(.text.AD9954_Write_nByte) for [Anonymous Symbol]
    ad9954.o(.text.AD9954_Read_nByte) refers to stm32f4xx_hal_gpio.o(.text.HAL_GPIO_WritePin) for HAL_GPIO_WritePin
    ad9954.o(.text.AD9954_Read_nByte) refers to ad9954.o(.text.AD9954_Send_Byte) for AD9954_Send_Byte
    ad9954.o(.text.AD9954_Read_nByte) refers to ad9954.o(.text.AD9954_Read_Byte) for AD9954_Read_Byte
    ad9954.o(.ARM.exidx.text.AD9954_Read_nByte) refers to ad9954.o(.text.AD9954_Read_nByte) for [Anonymous Symbol]
    ad9954.o(.text.Get_FTW) refers to ad9954.o(.data.fH_Num) for fH_Num
    ad9954.o(.text.Get_FTW) refers to dmul.o(.text) for __aeabi_dmul
    ad9954.o(.text.Get_FTW) refers to dfixui.o(.text) for __aeabi_d2uiz
    ad9954.o(.ARM.exidx.text.Get_FTW) refers to ad9954.o(.text.Get_FTW) for [Anonymous Symbol]
    ad9954.o(.text.AD9954_Init) refers to stm32f4xx_hal_gpio.o(.text.HAL_GPIO_WritePin) for HAL_GPIO_WritePin
    ad9954.o(.text.AD9954_Init) refers to stm32f4xx_hal.o(.text.HAL_Delay) for HAL_Delay
    ad9954.o(.text.AD9954_Init) refers to ad9954.o(.text.AD9954_Send_Byte) for AD9954_Send_Byte
    ad9954.o(.ARM.exidx.text.AD9954_Init) refers to ad9954.o(.text.AD9954_Init) for [Anonymous Symbol]
    ad9954.o(.text.AD9954_Set_Fre) refers to ad9954.o(.data.fH_Num) for fH_Num
[...]
    Removing stm32f4xx_hal_uart.o(.ARM.exidx.text.UART_SetConfig), (8 bytes).
    Removing stm32f4xx_hal_uart.o(.text.HAL_HalfDuplex_Init), (104 bytes).
    Removing stm32f4xx_hal_uart.o(.ARM.exidx.text.HAL_HalfDuplex_Init), (8 bytes).
    Removing stm32f4xx_hal_uart.o(.text.HAL_LIN_Init), (120 bytes).
    Removing stm32f4xx_hal_uart.o(.ARM.exidx.text.HAL_LIN_Init), (8 bytes).
    Removing stm32f4xx_hal_uart.o(.text.HAL_MultiProcessor_Init), (128 bytes).
    Removing stm32f4xx_hal_uart.o(.ARM.exidx.text.HAL_MultiProcessor_Init), (8 bytes).
    Removing stm32f4xx_hal_uart.o(.text.HAL_UART_DeInit), (56 bytes).
    Removing stm32f4xx_hal_uart.o(.ARM.exidx.text.HAL_UART_DeInit), (8 bytes).
    Removing stm32f4xx_hal_uart.o(.text.HAL_UART_MspDeInit), (2 bytes).
    Removing stm32f4xx_hal_uart.o(.ARM.exidx.text.HAL_UART_MspDeInit), (8 bytes).
    Removing stm32f4xx_hal_uart.o(.ARM.exidx.text.HAL_UART_Transmit), (8 bytes).
    Removing stm32f4xx_hal_uart.o(.text.HAL_UART_Receive), (542 bytes).
    Removing stm32f4xx_hal_uart.o(.ARM.exidx.text.HAL_UART_Receive), (8 bytes).
    Removing stm32f4xx_hal_uart.o(.text.HAL_UART_Transmit_IT), (56 bytes).
    Removing stm32f4xx_hal_uart.o(.ARM.exidx.text.HAL_UART_Transmit_IT), (8 bytes).
    Removing stm32f4xx_hal_uart.o(.text.HAL_UART_Receive_IT), (84 bytes).
    Removing stm32f4xx_hal_uart.o(.ARM.exidx.text.HAL_UART_Receive_IT), (8 bytes).
    Removing stm32f4xx_hal_uart.o(.text.UART_Start_Receive_IT), (50 bytes).
    Removing stm32f4xx_hal_uart.o(.ARM.exidx.text.UART_Start_Receive_IT), (8 bytes).
    Removing stm32f4xx_hal_uart.o(.text.HAL_UART_Transmit_DMA), (204 bytes).
    Removing stm32f4xx_hal_uart.o(.ARM.exidx.text.HAL_UART_Transmit_DMA), (8 bytes).
    Removing stm32f4xx_hal_uart.o(.text.UART_DMATransmitCplt), (176 bytes).
    Removing stm32f4xx_hal_uart.o(.ARM.exidx.text.UART_DMATransmitCplt), (8 bytes).
    Removing stm32f4xx_hal_uart.o(.text.UART_DMATxHalfCplt), (6 bytes).
    Removing stm32f4xx_hal_uart.o(.ARM.exidx.text.UART_DMATxHalfCplt), (8 bytes).
    Removing stm32f4xx_hal_uart.o(.text.UART_DMAError), (380 bytes).
    Removing stm32f4xx_hal_uart.o(.ARM.exidx.text.UART_DMAError), (8 bytes).
    Removing stm32f4xx_hal_uart.o(.text.HAL_UART_Receive_DMA), (378 bytes).
    Removing stm32f4xx_hal_uart.o(.ARM.exidx.text.HAL_UART_Receive_DMA), (8 bytes).
    Removing stm32f4xx_hal_uart.o(.text.UART_Start_Receive_DMA), (336 bytes).
    Removing stm32f4xx_hal_uart.o(.ARM.exidx.text.UART_Start_Receive_DMA), (8 bytes).
    Removing stm32f4xx_hal_uart.o(.text.HAL_UART_DMAPause), (342 bytes).
    Removing stm32f4xx_hal_uart.o(.ARM.exidx.text.HAL_UART_DMAPause), (8 bytes).
    Removing stm32f4xx_hal_uart.o(.text.HAL_UART_DMAResume), (348 bytes).
    Removing stm32f4xx_hal_uart.o(.ARM.exidx.text.HAL_UART_DMAResume), (8 bytes).
    Removing stm32f4xx_hal_uart.o(.text.HAL_UART_DMAStop), (540 bytes).
    Removing stm32f4xx_hal_uart.o(.ARM.exidx.text.HAL_UART_DMAStop), (8 bytes).
    Removing stm32f4xx_hal_uart.o(.text.HAL_UARTEx_ReceiveToIdle), (466 bytes).
    Removing stm32f4xx_hal_uart.o(.ARM.exidx.text.HAL_UARTEx_ReceiveToIdle), (8 bytes).
    Removing stm32f4xx_hal_uart.o(.text.HAL_UARTEx_ReceiveToIdle_IT), (200 bytes).
    Removing stm32f4xx_hal_uart.o(.ARM.exidx.text.HAL_UARTEx_ReceiveToIdle_IT), (8 bytes).
    Removing stm32f4xx_hal_uart.o(.text.HAL_UARTEx_ReceiveToIdle_DMA), (490 bytes).
    Removing stm32f4xx_hal_uart.o(.ARM.exidx.text.HAL_UARTEx_ReceiveToIdle_DMA), (8 bytes).
    Removing stm32f4xx_hal_uart.o(.text.HAL_UARTEx_GetRxEventType), (4 bytes).
    Removing stm32f4xx_hal_uart.o(.ARM.exidx.text.HAL_UARTEx_GetRxEventType), (8 bytes).
    Removing stm32f4xx_hal_uart.o(.text.HAL_UART_Abort), (482 bytes).
    Removing stm32f4xx_hal_uart.o(.ARM.exidx.text.HAL_UART_Abort), (8 bytes).
    Removing stm32f4xx_hal_uart.o(.text.HAL_UART_AbortTransmit), (208 bytes).
    Removing stm32f4xx_hal_uart.o(.ARM.exidx.text.HAL_UART_AbortTransmit), (8 bytes).
    Removing stm32f4xx_hal_uart.o(.text.HAL_UART_AbortReceive), (366 bytes).
    Removing stm32f4xx_hal_uart.o(.ARM.exidx.text.HAL_UART_AbortReceive), (8 bytes).
    Removing stm32f4xx_hal_uart.o(.text.HAL_UART_Abort_IT), (516 bytes).
    Removing stm32f4xx_hal_uart.o(.ARM.exidx.text.HAL_UART_Abort_IT), (8 bytes).
    Removing stm32f4xx_hal_uart.o(.text.UART_DMATxAbortCallback), (42 bytes).
    Removing stm32f4xx_hal_uart.o(.ARM.exidx.text.UART_DMATxAbortCallback), (8 bytes).
    Removing stm32f4xx_hal_uart.o(.text.UART_DMARxAbortCallback), (42 bytes).
    Removing stm32f4xx_hal_uart.o(.ARM.exidx.text.UART_DMARxAbortCallback), (8 bytes).
    Removing stm32f4xx_hal_uart.o(.text.HAL_UART_AbortCpltCallback), (2 bytes).
    Removing stm32f4xx_hal_uart.o(.ARM.exidx.text.HAL_UART_AbortCpltCallback), (8 bytes).
    Removing stm32f4xx_hal_uart.o(.text.HAL_UART_AbortTransmit_IT), (212 bytes).
    Removing stm32f4xx_hal_uart.o(.ARM.exidx.text.HAL_UART_AbortTransmit_IT), (8 bytes).
    Removing stm32f4xx_hal_uart.o(.text.UART_DMATxOnlyAbortCallback), (16 bytes).
    Removing stm32f4xx_hal_uart.o(.ARM.exidx.text.UART_DMATxOnlyAbortCallback), (8 bytes).
    Removing stm32f4xx_hal_uart.o(.text.HAL_UART_AbortTransmitCpltCallback), (2 bytes).
    Removing stm32f4xx_hal_uart.o(.ARM.exidx.text.HAL_UART_AbortTransmitCpltCallback), (8 bytes).
    Removing stm32f4xx_hal_uart.o(.text.HAL_UART_AbortReceive_IT), (370 bytes).
    Removing stm32f4xx_hal_uart.o(.ARM.exidx.text.HAL_UART_AbortReceive_IT), (8 bytes).
    Removing stm32f4xx_hal_uart.o(.text.UART_DMARxOnlyAbortCallback), (18 bytes).
    Removing stm32f4xx_hal_uart.o(.ARM.exidx.text.UART_DMARxOnlyAbortCallback), (8 bytes).
    Removing stm32f4xx_hal_uart.o(.text.HAL_UART_AbortReceiveCpltCallback), (2 bytes).
    Removing stm32f4xx_hal_uart.o(.ARM.exidx.text.HAL_UART_AbortReceiveCpltCallback), (8 bytes).
    Removing stm32f4xx_hal_uart.o(.text.HAL_UART_IRQHandler), (1416 bytes).
    Removing stm32f4xx_hal_uart.o(.ARM.exidx.text.HAL_UART_IRQHandler), (8 bytes).
    Removing stm32f4xx_hal_uart.o(.text.UART_Receive_IT), (254 bytes).
    Removing stm32f4xx_hal_uart.o(.ARM.exidx.text.UART_Receive_IT), (8 bytes).
    Removing stm32f4xx_hal_uart.o(.text.UART_DMAAbortOnError), (10 bytes).
    Removing stm32f4xx_hal_uart.o(.ARM.exidx.text.UART_DMAAbortOnError), (8 bytes).
    Removing stm32f4xx_hal_uart.o(.text.HAL_UART_ErrorCallback), (2 bytes).
    Removing stm32f4xx_hal_uart.o(.ARM.exidx.text.HAL_UART_ErrorCallback), (8 bytes).
    Removing stm32f4xx_hal_uart.o(.text.HAL_UARTEx_RxEventCallback), (2 bytes).
    Removing stm32f4xx_hal_uart.o(.ARM.exidx.text.HAL_UARTEx_RxEventCallback), (8 bytes).
    Removing stm32f4xx_hal_uart.o(.text.HAL_UART_TxCpltCallback), (2 bytes).
    Removing stm32f4xx_hal_uart.o(.ARM.exidx.text.HAL_UART_TxCpltCallback), (8 bytes).
    Removing stm32f4xx_hal_uart.o(.text.HAL_UART_TxHalfCpltCallback), (2 bytes).
    Removing stm32f4xx_hal_uart.o(.ARM.exidx.text.HAL_UART_TxHalfCpltCallback), (8 bytes).
    Removing stm32f4xx_hal_uart.o(.text.HAL_UART_RxCpltCallback), (2 bytes).
    Removing stm32f4xx_hal_uart.o(.ARM.exidx.text.HAL_UART_RxCpltCallback), (8 bytes).
    Removing stm32f4xx_hal_uart.o(.text.HAL_UART_RxHalfCpltCallback), (2 bytes).
    Removing stm32f4xx_hal_uart.o(.ARM.exidx.text.HAL_UART_RxHalfCpltCallback), (8 bytes).
    Removing stm32f4xx_hal_uart.o(.text.HAL_LIN_SendBreak), (114 bytes).
    Removing stm32f4xx_hal_uart.o(.ARM.exidx.text.HAL_LIN_SendBreak), (8 bytes).
    Removing stm32f4xx_hal_uart.o(.text.HAL_MultiProcessor_EnterMuteMode), (116 bytes).
    Removing stm32f4xx_hal_uart.o(.ARM.exidx.text.HAL_MultiProcessor_EnterMuteMode), (8 bytes).
    Removing stm32f4xx_hal_uart.o(.text.HAL_MultiProcessor_ExitMuteMode), (116 bytes).
    Removing stm32f4xx_hal_uart.o(.ARM.exidx.text.HAL_MultiProcessor_ExitMuteMode), (8 bytes).
    Removing stm32f4xx_hal_uart.o(.text.HAL_HalfDuplex_EnableTransmitter), (44 bytes).
    Removing stm32f4xx_hal_uart.o(.ARM.exidx.text.HAL_HalfDuplex_EnableTransmitter), (8 bytes).
    Removing stm32f4xx_hal_uart.o(.text.HAL_HalfDuplex_EnableReceiver), (46 bytes).
    Removing stm32f4xx_hal_uart.o(.ARM.exidx.text.HAL_HalfDuplex_EnableReceiver), (8 bytes).
    Removing stm32f4xx_hal_uart.o(.text.HAL_UART_GetState), (14 bytes).
    Removing stm32f4xx_hal_uart.o(.ARM.exidx.text.HAL_UART_GetState), (8 bytes).
    Removing stm32f4xx_hal_uart.o(.text.HAL_UART_GetError), (4 bytes).
    Removing stm32f4xx_hal_uart.o(.ARM.exidx.text.HAL_UART_GetError), (8 bytes).
    Removing stm32f4xx_hal_uart.o(.text.UART_DMAReceiveCplt), (350 bytes).
    Removing stm32f4xx_hal_uart.o(.ARM.exidx.text.UART_DMAReceiveCplt), (8 bytes).
    Removing stm32f4xx_hal_uart.o(.text.UART_DMARxHalfCplt), (24 bytes).
    Removing stm32f4xx_hal_uart.o(.ARM.exidx.text.UART_DMARxHalfCplt), (8 bytes).
    Removing system_stm32f4xx.o(.text), (0 bytes).
    Removing system_stm32f4xx.o(.ARM.exidx.text.SystemInit), (8 bytes).
    Removing system_stm32f4xx.o(.text.SystemCoreClockUpdate), (134 bytes).
    Removing system_stm32f4xx.o(.ARM.exidx.text.SystemCoreClockUpdate), (8 bytes).
    Removing ddiv.o(.text), (222 bytes).
    Removing dflti.o(.text), (34 bytes).
    Removing dfltui.o(.text), (26 bytes).
    Removing dfixi.o(.text), (62 bytes).
    Removing d2f.o(.text), (56 bytes).
    Removing fepilogue.o(.text), (110 bytes).
    Removing dadd.o(.text), (334 bytes).
    Removing dneg.o(.text), (6 bytes).
    Removing dscalb.o(.text), (46 bytes).
    Removing dfixul.o(.text), (48 bytes).
    Removing cdcmple.o(.text), (48 bytes).
    Removing cdrcmple.o(.text), (48 bytes).

729 unused section(s) (total 51855 bytes) removed from the image.

==============================================================================

Image Symbol Table

    Local Symbols

    Symbol Name                              Value     Ov Type        Size  Object(Section)

    ../clib/division.s                       0x00000000   Number         0  aeabi_sdiv.o ABSOLUTE
    ../clib/microlib/division.c              0x00000000   Number         0  uldiv.o ABSOLUTE
    ../clib/microlib/division.c              0x00000000   Number         0  uidiv.o ABSOLUTE
    ../clib/microlib/errno.c                 0x00000000   Number         0  errno.o ABSOLUTE
    ../clib/microlib/init/entry.s            0x00000000   Number         0  entry.o ABSOLUTE
    ../clib/microlib/init/entry.s            0x00000000   Number         0  entry2.o ABSOLUTE
    ../clib/microlib/init/entry.s            0x00000000   Number         0  entry5.o ABSOLUTE
    ../clib/microlib/init/entry.s            0x00000000   Number         0  entry7a.o ABSOLUTE
    ../clib/microlib/init/entry.s            0x00000000   Number         0  entry7b.o ABSOLUTE
    ../clib/microlib/init/entry.s            0x00000000   Number         0  entry8a.o ABSOLUTE
    ../clib/microlib/init/entry.s            0x00000000   Number         0  entry8b.o ABSOLUTE
    ../clib/microlib/init/entry.s            0x00000000   Number         0  entry9a.o ABSOLUTE
    ../clib/microlib/init/entry.s            0x00000000   Number         0  entry9b.o ABSOLUTE
    ../clib/microlib/init/entry.s            0x00000000   Number         0  entry10a.o ABSOLUTE
    ../clib/microlib/init/entry.s            0x00000000   Number         0  entry10b.o ABSOLUTE
    ../clib/microlib/init/entry.s            0x00000000   Number         0  entry11a.o ABSOLUTE
    ../clib/microlib/init/entry.s            0x00000000   Number         0  entry11b.o ABSOLUTE
    ../clib/microlib/longlong.c              0x00000000   Number         0  llshl.o ABSOLUTE
    ../clib/microlib/longlong.c              0x00000000   Number         0  llushr.o ABSOLUTE
    ../clib/microlib/longlong.c              0x00000000   Number         0  llsshr.o ABSOLUTE
    ../clib/microlib/printf/printf.c         0x00000000   Number         0  printfb.o ABSOLUTE
    ../clib/microlib/printf/printf.c         0x00000000   Number         0  printf0.o ABSOLUTE
    ../clib/microlib/printf/printf.c         0x00000000   Number         0  printf1.o ABSOLUTE
    ../clib/microlib/printf/printf.c         0x00000000   Number         0  printf2.o ABSOLUTE
    ../clib/microlib/printf/printf.c         0x00000000   Number         0  printf3.o ABSOLUTE
    ../clib/microlib/printf/printf.c         0x00000000   Number         0  printf4.o ABSOLUTE
    ../clib/microlib/printf/printf.c         0x00000000   Number         0  printf5.o ABSOLUTE
    ../clib/microlib/printf/printf.c         0x00000000   Number         0  printf6.o ABSOLUTE
    ../clib/microlib/printf/printf.c         0x00000000   Number         0  printf7.o ABSOLUTE
    ../clib/microlib/printf/printf.c         0x00000000   Number         0  printf8.o ABSOLUTE
    ../clib/microlib/printf/printf.c         0x00000000   Number         0  printfa.o ABSOLUTE
    ../clib/microlib/printf/stubs.s          0x00000000   Number         0  printfstubs.o ABSOLUTE
    ../clib/microlib/stdio/streams.c         0x00000000   Number         0  stdout.o ABSOLUTE
    ../clib/microlib/stubs.s                 0x00000000   Number         0  iusefp.o ABSOLUTE
    ../fplib/microlib/d2f.c                  0x00000000   Number         0  d2f.o ABSOLUTE
    ../fplib/microlib/f2d.c                  0x00000000   Number         0  f2d.o ABSOLUTE
    ../fplib/microlib/fpadd.c                0x00000000   Number         0  dadd.o ABSOLUTE
    ../fplib/microlib/fpdiv.c                0x00000000   Number         0  ddiv.o ABSOLUTE
    ../fplib/microlib/fpepilogue.c           0x00000000   Number         0  fepilogue.o ABSOLUTE
    ../fplib/microlib/fpepilogue.c           0x00000000   Number         0  depilogue.o ABSOLUTE
    ../fplib/microlib/fpfix.c                0x00000000   Number         0  dfixi.o ABSOLUTE
    ../fplib/microlib/fpfix.c                0x00000000   Number         0  dfixui.o ABSOLUTE
    ../fplib/microlib/fpfix.c                0x00000000   Number         0  dfixul.o ABSOLUTE
    ../fplib/microlib/fpflt.c                0x00000000   Number         0  dflti.o ABSOLUTE
    ../fplib/microlib/fpflt.c                0x00000000   Number         0  dfltui.o ABSOLUTE
    ../fplib/microlib/fpmul.c                0x00000000   Number         0  dmul.o ABSOLUTE
    ../fplib/microlib/fpneg.c                0x00000000   Number         0  dneg.o ABSOLUTE
    ../fplib/microlib/fpscalb.c              0x00000000   Number         0  dscalb.o ABSOLUTE
    ../mathlib/cos.c                         0x00000000   Number         0  cos.o ABSOLUTE
    ../mathlib/cos_i.c                       0x00000000   Number         0  cos_i.o ABSOLUTE
    ../mathlib/dunder.c                      0x00000000   Number         0  dunder.o ABSOLUTE
    ../mathlib/fabs.c                        0x00000000   Number         0  fabs.o ABSOLUTE
    ../mathlib/fpclassify.c                  0x00000000   Number         0  fpclassify.o ABSOLUTE
    ../mathlib/ldexp.c                       0x00000000   Number         0  ldexp.o ABSOLUTE
    ../mathlib/poly.c                        0x00000000   Number         0  poly.o ABSOLUTE
    ../mathlib/rred.c                        0x00000000   Number         0  rred.o ABSOLUTE
    ../mathlib/sin.c                         0x00000000   Number         0  sin.o ABSOLUTE
    ../mathlib/sin_i.c                       0x00000000   Number         0  sin_i.o ABSOLUTE
    AD9954.c                                 0x00000000   Number         0  ad9954.o ABSOLUTE
    adc.c                                    0x00000000   Number         0  adc.o ABSOLUTE
    cdcmple.s                                0x00000000   Number         0  cdcmple.o ABSOLUTE
    cdrcmple.s                               0x00000000   Number         0  cdrcmple.o ABSOLUTE
    dc.s                                     0x00000000   Number         0  dc.o ABSOLUTE
    delay.c                                  0x00000000   Number         0  delay.o ABSOLUTE
    dma.c                                    0x00000000   Number         0  dma.o ABSOLUTE
    fft.c                                    0x00000000   Number         0  fft.o ABSOLUTE
    filtering.c                              0x00000000   Number         0  filtering.o ABSOLUTE
    fsmc.c                                   0x00000000   Number         0  fsmc.o ABSOLUTE
    gpio.c                                   0x00000000   Number         0  gpio.o ABSOLUTE
    handlers.s                               0x00000000   Number         0  handlers.o ABSOLUTE
    init.s                                   0x00000000   Number         0  init.o ABSOLUTE
    lcd.c                                    0x00000000   Number         0  lcd.o ABSOLUTE
    main.c                                   0x00000000   Number         0  main.o ABSOLUTE
    startup_stm32f407xx.s                    0x00000000   Number         0  startup_stm32f407xx.o ABSOLUTE
    stm32f4xx_hal.c                          0x00000000   Number         0  stm32f4xx_hal.o ABSOLUTE
    stm32f4xx_hal_adc.c                      0x00000000   Number         0  stm32f4xx_hal_adc.o ABSOLUTE
    stm32f4xx_hal_adc_ex.c                   0x00000000   Number         0  stm32f4xx_hal_adc_ex.o ABSOLUTE
    stm32f4xx_hal_cortex.c                   0x00000000   Number         0  stm32f4xx_hal_cortex.o ABSOLUTE
    stm32f4xx_hal_dma.c                      0x00000000   Number         0  stm32f4xx_hal_dma.o ABSOLUTE
    stm32f4xx_hal_dma_ex.c                   0x00000000   Number         0  stm32f4xx_hal_dma_ex.o ABSOLUTE
    stm32f4xx_hal_exti.c                     0x00000000   Number         0  stm32f4xx_hal_exti.o ABSOLUTE
    stm32f4xx_hal_flash.c                    0x00000000   Number         0  stm32f4xx_hal_flash.o ABSOLUTE
    stm32f4xx_hal_flash_ex.c                 0x00000000   Number         0  stm32f4xx_hal_flash_ex.o ABSOLUTE
    stm32f4xx_hal_flash_ramfunc.c            0x00000000   Number         0  stm32f4xx_hal_flash_ramfunc.o ABSOLUTE
    stm32f4xx_hal_gpio.c                     0x00000000   Number         0  stm32f4xx_hal_gpio.o ABSOLUTE
    stm32f4xx_hal_msp.c                      0x00000000   Number         0  stm32f4xx_hal_msp.o ABSOLUTE
    stm32f4xx_hal_nand.c                     0x00000000   Number         0  stm32f4xx_hal_nand.o ABSOLUTE
    stm32f4xx_hal_nor.c                      0x00000000   Number         0  stm32f4xx_hal_nor.o ABSOLUTE
    stm32f4xx_hal_pccard.c                   0x00000000   Number         0  stm32f4xx_hal_pccard.o ABSOLUTE
    stm32f4xx_hal_pwr.c                      0x00000000   Number         0  stm32f4xx_hal_pwr.o ABSOLUTE
    stm32f4xx_hal_pwr_ex.c                   0x00000000   Number         0  stm32f4xx_hal_pwr_ex.o ABSOLUTE
    stm32f4xx_hal_rcc.c                      0x00000000   Number         0  stm32f4xx_hal_rcc.o ABSOLUTE
    stm32f4xx_hal_rcc_ex.c                   0x00000000   Number         0  stm32f4xx_hal_rcc_ex.o ABSOLUTE
    stm32f4xx_hal_sram.c                     0x00000000   Number         0  stm32f4xx_hal_sram.o ABSOLUTE
    stm32f4xx_hal_uart.c                     0x00000000   Number         0  stm32f4xx_hal_uart.o ABSOLUTE
    stm32f4xx_it.c                           0x00000000   Number         0  stm32f4xx_it.o ABSOLUTE
    stm32f4xx_ll_fsmc.c                      0x00000000   Number         0  stm32f4xx_ll_fsmc.o ABSOLUTE
    system_stm32f4xx.c                       0x00000000   Number         0  system_stm32f4xx.o ABSOLUTE
    usart.c                                  0x00000000   Number         0  usart.o ABSOLUTE
    RESET                                    0x08000000   Section      392  startup_stm32f407xx.o(RESET)
    .ARM.Collect$$$$00000000                 0x08000188   Section        0  entry.o(.ARM.Collect$$$$00000000)
    .ARM.Collect$$$$00000001                 0x08000188   Section        4  entry2.o(.ARM.Collect$$$$00000001)
    .ARM.Collect$$$$00000004                 0x0800018c   Section        4  entry5.o(.ARM.Collect$$$$00000004)
    .ARM.Collect$$$$00000008                 0x08000190   Section        0  entry7b.o(.ARM.Collect$$$$00000008)
    .ARM.Collect$$$$0000000A                 0x08000190   Section        0  entry8b.o(.ARM.Collect$$$$0000000A)
    .ARM.Collect$$$$0000000B                 0x08000190   Section        8  entry9a.o(.ARM.Collect$$$$0000000B)
    __lit__00000000                          0x08000198   Data           4  entry2.o(.ARM.Collect$$$$00002712)
    .ARM.Collect$$$$0000000D                 0x08000198   Section        0  entry10a.o(.ARM.Collect$$$$0000000D)
    .ARM.Collect$$$$0000000F                 0x08000198   Section        0  entry11a.o(.ARM.Collect$$$$0000000F)
    .ARM.Collect$$$$00002712                 0x08000198   Section        4  entry2.o(.ARM.Collect$$$$00002712)
    $v0                                      0x0800019c   Number         0  startup_stm32f407xx.o(.text)
    .text                                    0x0800019c   Section       36  startup_stm32f407xx.o(.text)
    .text                                    0x080001c0   Section        0  uldiv.o(.text)
    .text                                    0x08000222   Section        0  dmul.o(.text)
    .text                                    0x08000306   Section        0  dfixui.o(.text)
    .text                                    0x08000338   Section        0  f2d.o(.text)
    .text                                    0x0800035e   Section        0  llshl.o(.text)
    .text                                    0x0800037c   Section        0  llushr.o(.text)
    .text                                    0x0800039c   Section        0  iusefp.o(.text)
    .text                                    0x0800039c   Section        0  depilogue.o(.text)
    .text                                    0x08000458   Section       48  init.o(.text)
    [Anonymous Symbol]                       0x08000488   Section        0  ad9954.o(.text.AD9954_Init)
    [Anonymous Symbol]                       0x08000534   Section        0  ad9954.o(.text.AD9954_Send_Byte)
    [Anonymous Symbol]                       0x080006b8   Section        0  ad9954.o(.text.AD9954_Set_Amp)
    [Anonymous Symbol]                       0x08000710   Section        0  ad9954.o(.text.AD9954_Set_Fre)
    [Anonymous Symbol]                       0x08000794   Section        0  ad9954.o(.text.AD9954_Set_Phase)
    [Anonymous Symbol]                       0x080007ec   Section        0  stm32f4xx_it.o(.text.ADC_IRQHandler)
    [Anonymous Symbol]                       0x08000818   Section        0  stm32f4xx_it.o(.text.BusFault_Handler)
    [Anonymous Symbol]                       0x0800081c   Section        0  stm32f4xx_it.o(.text.DMA2_Stream0_IRQHandler)
    [Anonymous Symbol]                       0x08000828   Section        0  stm32f4xx_it.o(.text.DMA2_Stream2_IRQHandler)
    [Anonymous Symbol]                       0x08000834   Section        0  stm32f4xx_it.o(.text.DMA2_Stream4_IRQHandler)
    [Anonymous Symbol]                       0x08000840   Section        0  stm32f4xx_it.o(.text.DebugMon_Handler)
    [Anonymous Symbol]                       0x08000844   Section        0  stm32f4xx_it.o(.text.EXTI0_IRQHandler)
    [Anonymous Symbol]                       0x08000868   Section        0  stm32f4xx_it.o(.text.EXTI4_IRQHandler)
    [Anonymous Symbol]                       0x0800088c   Section        0  main.o(.text.Error_Handler)
    [Anonymous Symbol]                       0x08000894   Section        0  stm32f4xx_ll_fsmc.o(.text.FSMC_NORSRAM_Extended_Timing_Init)
    [Anonymous Symbol]                       0x080008e4   Section        0  stm32f4xx_ll_fsmc.o(.text.FSMC_NORSRAM_Init)
    [Anonymous Symbol]                       0x0800096c   Section        0  stm32f4xx_ll_fsmc.o(.text.FSMC_NORSRAM_Timing_Init)
    [Anonymous Symbol]                       0x080009a8   Section        0  stm32f4xx_hal_adc_ex.o(.text.HAL_ADCEx_InjectedConvCpltCallback)
    [Anonymous Symbol]                       0x080009ac   Section        0  stm32f4xx_hal_adc.o(.text.HAL_ADC_ConfigChannel)
    [Anonymous Symbol]                       0x08000af4   Section        0  stm32f4xx_hal_adc.o(.text.HAL_ADC_ConvCpltCallback)
    [Anonymous Symbol]                       0x08000af8   Section        0  stm32f4xx_hal_adc.o(.text.HAL_ADC_ErrorCallback)
    [Anonymous Symbol]                       0x08000afc   Section        0  stm32f4xx_hal_adc.o(.text.HAL_ADC_GetValue)
    [Anonymous Symbol]                       0x08000b04   Section        0  stm32f4xx_hal_adc.o(.text.HAL_ADC_IRQHandler)
    [Anonymous Symbol]                       0x08000c3c   Section        0  stm32f4xx_hal_adc.o(.text.HAL_ADC_Init)
    [Anonymous Symbol]                       0x08000d9c   Section        0  stm32f4xx_hal_adc.o(.text.HAL_ADC_LevelOutOfWindowCallback)
    [Anonymous Symbol]                       0x08000da0   Section        0  adc.o(.text.HAL_ADC_MspInit)
    [Anonymous Symbol]                       0x08000f68   Section        0  stm32f4xx_hal_adc.o(.text.HAL_ADC_PollForConversion)
    [Anonymous Symbol]                       0x08001068   Section        0  stm32f4xx_hal_adc.o(.text.HAL_ADC_Start)
    [Anonymous Symbol]                       0x080011c4   Section        0  stm32f4xx_hal_dma.o(.text.HAL_DMA_IRQHandler)
    [Anonymous Symbol]                       0x08001384   Section        0  stm32f4xx_hal_dma.o(.text.HAL_DMA_Init)
    [Anonymous Symbol]                       0x080014e8   Section        0  stm32f4xx_hal.o(.text.HAL_Delay)
    [Anonymous Symbol]                       0x08001510   Section        0  stm32f4xx_hal_gpio.o(.text.HAL_GPIO_EXTI_Callback)
    [Anonymous Symbol]                       0x08001514   Section        0  stm32f4xx_hal_gpio.o(.text.HAL_GPIO_EXTI_IRQHandler)
    [Anonymous Symbol]                       0x0800152c   Section        0  stm32f4xx_hal_gpio.o(.text.HAL_GPIO_Init)
    [Anonymous Symbol]                       0x080016cc   Section        0  stm32f4xx_hal_gpio.o(.text.HAL_GPIO_WritePin)
    [Anonymous Symbol]                       0x080016d8   Section        0  stm32f4xx_hal.o(.text.HAL_GetTick)
    [Anonymous Symbol]                       0x080016e4   Section        0  stm32f4xx_hal.o(.text.HAL_IncTick)
    [Anonymous Symbol]                       0x08001700   Section        0  stm32f4xx_hal.o(.text.HAL_Init)
    [Anonymous Symbol]                       0x08001738   Section        0  stm32f4xx_hal.o(.text.HAL_InitTick)
    [Anonymous Symbol]                       0x08001780   Section        0  stm32f4xx_hal_msp.o(.text.HAL_MspInit)
    [Anonymous Symbol]                       0x080017b8   Section        0  stm32f4xx_hal_cortex.o(.text.HAL_NVIC_EnableIRQ)
    [Anonymous Symbol]                       0x080017dc   Section        0  stm32f4xx_hal_cortex.o(.text.HAL_NVIC_SetPriority)
    [Anonymous Symbol]                       0x08001834   Section        0  stm32f4xx_hal_cortex.o(.text.HAL_NVIC_SetPriorityGrouping)
    [Anonymous Symbol]                       0x08001854   Section        0  stm32f4xx_hal_rcc.o(.text.HAL_RCC_ClockConfig)
    [Anonymous Symbol]                       0x080019b8   Section        0  stm32f4xx_hal_rcc.o(.text.HAL_RCC_GetPCLK1Freq)
    [Anonymous Symbol]                       0x080019e0   Section        0  stm32f4xx_hal_rcc.o(.text.HAL_RCC_GetPCLK2Freq)
    [Anonymous Symbol]                       0x08001a08   Section        0  stm32f4xx_hal_rcc.o(.text.HAL_RCC_GetSysClockFreq)
    [Anonymous Symbol]                       0x08001a74   Section        0  stm32f4xx_hal_rcc.o(.text.HAL_RCC_OscConfig)
    [Anonymous Symbol]                       0x08001e24   Section        0  stm32f4xx_hal_sram.o(.text.HAL_SRAM_Init)
    [Anonymous Symbol]                       0x08001e80   Section        0  fsmc.o(.text.HAL_SRAM_MspInit)
    [Anonymous Symbol]                       0x08001f34   Section        0  stm32f4xx_hal_cortex.o(.text.HAL_SYSTICK_Config)
    [Anonymous Symbol]                       0x08001f60   Section        0  stm32f4xx_hal_uart.o(.text.HAL_UART_Init)
    [Anonymous Symbol]                       0x08001fc0   Section        0  usart.o(.text.HAL_UART_MspInit)
    [Anonymous Symbol]                       0x0800202c   Section        0  stm32f4xx_hal_uart.o(.text.HAL_UART_Transmit)
    [Anonymous Symbol]                       0x080021a4   Section        0  stm32f4xx_it.o(.text.HardFault_Handler)
    [Anonymous Symbol]                       0x080021a8   Section        0  lcd.o(.text.LCD_Clear)
    [Anonymous Symbol]                       0x08002200   Section        0  lcd.o(.text.LCD_Display_Dir)
    [Anonymous Symbol]                       0x080022e0   Section        0  lcd.o(.text.LCD_DrawLine)
    [Anonymous Symbol]                       0x08002398   Section        0  lcd.o(.text.LCD_DrawPoint)
    [Anonymous Symbol]                       0x080023b8   Section        0  lcd.o(.text.LCD_Fast_DrawPoint)
    [Anonymous Symbol]                       0x080025fc   Section        0  lcd.o(.text.LCD_Fill)
    [Anonymous Symbol]                       0x080026ac   Section        0  lcd.o(.text.LCD_Init)
    [Anonymous Symbol]                       0x08007b88   Section        0  lcd.o(.text.LCD_Scan_Dir)
    [Anonymous Symbol]                       0x08007e7c   Section        0  lcd.o(.text.LCD_SetCursor)
    [Anonymous Symbol]                       0x080080f4   Section        0  lcd.o(.text.LCD_ShowChar)
    [Anonymous Symbol]                       0x08008568   Section        0  lcd.o(.text.LCD_ShowNum)
    [Anonymous Symbol]                       0x08008678   Section        0  lcd.o(.text.LCD_ShowString)
    [Anonymous Symbol]                       0x080086e8   Section        0  adc.o(.text.MX_ADC1_Init)
    [Anonymous Symbol]                       0x08008754   Section        0  adc.o(.text.MX_ADC2_Init)
    [Anonymous Symbol]                       0x080087c0   Section        0  adc.o(.text.MX_ADC3_Init)
    [Anonymous Symbol]                       0x08008850   Section        0  dma.o(.text.MX_DMA_Init)
    [Anonymous Symbol]                       0x080088a8   Section        0  fsmc.o(.text.MX_FSMC_Init)
    [Anonymous Symbol]                       0x08008914   Section        0  gpio.o(.text.MX_GPIO_Init)
    [Anonymous Symbol]                       0x08008af8   Section        0  usart.o(.text.MX_USART1_UART_Init)
    [Anonymous Symbol]                       0x08008b34   Section        0  stm32f4xx_it.o(.text.MemManage_Handler)
    [Anonymous Symbol]                       0x08008b38   Section        0  stm32f4xx_it.o(.text.NMI_Handler)
    [Anonymous Symbol]                       0x08008b3c   Section        0  main.o(.text.Page0_Init)
    [Anonymous Symbol]                       0x08008d48   Section        0  main.o(.text.Page0_Update)
    [Anonymous Symbol]                       0x08008fa0   Section        0  main.o(.text.Page1_Init)
    [Anonymous Symbol]                       0x08009188   Section        0  main.o(.text.Page1_SweepTask)
    __arm_cp.5_16                            0x08009654   Number         4  main.o(.text.Page1_SweepTask)
    __arm_cp.5_17                            0x0800973c   Number         4  main.o(.text.Page1_SweepTask)
    [Anonymous Symbol]                       0x0800987c   Section        0  main.o(.text.Page2_Init)
    [Anonymous Symbol]                       0x08009a9c   Section        0  main.o(.text.Page2_Update)
    [Anonymous Symbol]                       0x0800a4f0   Section        0  stm32f4xx_it.o(.text.PendSV_Handler)
    ReadAD637                                0x0800a4f5   Thumb Code   304  main.o(.text.ReadAD637)
    [Anonymous Symbol]                       0x0800a4f4   Section        0  main.o(.text.ReadAD637)
    [Anonymous Symbol]                       0x0800a624   Section        0  stm32f4xx_it.o(.text.SVC_Handler)
    [Anonymous Symbol]                       0x0800a628   Section        0  stm32f4xx_it.o(.text.SysTick_Handler)
    [Anonymous Symbol]                       0x0800a62c   Section        0  main.o(.text.SystemClock_Config)
    [Anonymous Symbol]                       0x0800a6d4   Section        0  system_stm32f4xx.o(.text.SystemInit)
    UART_SetConfig                           0x0800a6e9   Thumb Code   238  stm32f4xx_hal_uart.o(.text.UART_SetConfig)
    [Anonymous Symbol]                       0x0800a6e8   Section        0  stm32f4xx_hal_uart.o(.text.UART_SetConfig)
    [Anonymous Symbol]                       0x0800a7d8   Section        0  stm32f4xx_it.o(.text.UsageFault_Handler)
    [Anonymous Symbol]                       0x0800a7dc   Section        0  delay.o(.text.delay_us)
    [Anonymous Symbol]                       0x0800a828   Section        0  main.o(.text.fputc)
    [Anonymous Symbol]                       0x0800a848   Section        0  main.o(.text.main)
    __arm_cp.10_6                            0x0800ab70   Number         4  main.o(.text.main)
    __arm_cp.10_7                            0x0800ab74   Number         4  main.o(.text.main)
    __arm_cp.10_8                            0x0800ab78   Number         4  main.o(.text.main)
    __arm_cp.10_9                            0x0800ab7c   Number         4  main.o(.text.main)
    i.__0printf$5                            0x0800b7e8   Section        0  printf5.o(i.__0printf$5)
    i.__scatterload_copy                     0x0800b808   Section       14  handlers.o(i.__scatterload_copy)
    i.__scatterload_null                     0x0800b816   Section        2  handlers.o(i.__scatterload_null)
    i.__scatterload_zeroinit                 0x0800b818   Section       14  handlers.o(i.__scatterload_zeroinit)
    _printf_core                             0x0800b829   Thumb Code   658  printf5.o(i._printf_core)
    i._printf_core                           0x0800b828   Section        0  printf5.o(i._printf_core)
    .Lswitch.table.LCD_Scan_Dir.1            0x0800bae8   Data          14  lcd.o(.rodata..Lswitch.table.LCD_Scan_Dir.1)
    Page2_Update.status_color                0x0800bb0e   Data           6  main.o(.rodata.Page2_Update.status_color)
    [Anonymous Symbol]                       0x0800bb0e   Section        0  main.o(.rodata.Page2_Update.status_color)
    DMA_CalcBaseAndBitshift.flagBitshiftOffset 0x0800d2d4   Data           8  stm32f4xx_hal_dma.o(.rodata.cst8)
    [Anonymous Symbol]                       0x0800d2d4   Section        0  stm32f4xx_hal_dma.o(.rodata.cst8)
    fault_str                                0x0800d2dc   Data          12  main.o(.rodata.fault_str)
    [Anonymous Symbol]                       0x0800d2dc   Section        0  main.o(.rodata.fault_str)
    .L.str.14                                0x0800d2e8   Data           8  main.o(.rodata.str1.1)
    [Anonymous Symbol]                       0x0800d2e8   Section        0  main.o(.rodata.str1.1)
    .L.str.16                                0x0800d2f6   Data           5  main.o(.rodata.str1.1)
    .L.str.4                                 0x0800d2f9   Data           2  main.o(.rodata.str1.1)
    .L.str.31                                0x0800d2fb   Data           2  main.o(.rodata.str1.1)
    .L.str.3                                 0x0800d2fd   Data           4  main.o(.rodata.str1.1)
    .L.str.15                                0x0800d301   Data           2  main.o(.rodata.str1.1)
    .L.str.43                                0x0800d303   Data           6  main.o(.rodata.str1.1)
    .L.str.44                                0x0800d309   Data           6  main.o(.rodata.str1.1)
    .L.str.45                                0x0800d30f   Data           8  main.o(.rodata.str1.1)
    .L.str.46                                0x0800d317   Data           8  main.o(.rodata.str1.1)
    .L.str.1                                 0x0800d322   Data           5  main.o(.rodata.str1.1)
    .L.str.13                                0x0800d32d   Data          31  main.o(.rodata.str1.1)
    .L.str.30                                0x0800d34c   Data           4  main.o(.rodata.str1.1)
    .data                                    0x20000000   Section        4  stdout.o(.data)
    .L_MergedGlobals                         0x20000004   Data           8  stm32f4xx_hal.o(.data..L_MergedGlobals)
    [Anonymous Symbol]                       0x20000004   Section        0  stm32f4xx_hal.o(.data..L_MergedGlobals)
    .L_MergedGlobals                         0x20000028   Data          16  lcd.o(.bss..L_MergedGlobals)
    [Anonymous Symbol]                       0x20000028   Section        0  lcd.o(.bss..L_MergedGlobals)
    .L_MergedGlobals                         0x20000038   Data          80  main.o(.bss..L_MergedGlobals)
    [Anonymous Symbol]                       0x20000038   Section        0  main.o(.bss..L_MergedGlobals)
    sweep_step                               0x2000003e   Data           1  main.o(.bss..L_MergedGlobals)
    coarse_max_idx                           0x2000003f   Data           1  main.o(.bss..L_MergedGlobals)
    Page2_Update.p2_mstep                    0x20000041   Data           1  main.o(.bss..L_MergedGlobals)
    main.mstep                               0x20000042   Data           1  main.o(.bss..L_MergedGlobals)
    coarse_max                               0x20000052   Data           2  main.o(.bss..L_MergedGlobals)
    draw_val_norm_prev                       0x20000054   Data           2  main.o(.bss..L_MergedGlobals)
    value_3db                                0x20000056   Data           2  main.o(.bss..L_MergedGlobals)
    p2_adc1_low                              0x20000058   Data           2  main.o(.bss..L_MergedGlobals)
    p2_adc2_low                              0x2000005a   Data           2  main.o(.bss..L_MergedGlobals)
    p2_adc3_ac_low                           0x2000005c   Data           2  main.o(.bss..L_MergedGlobals)
    p2_adc3_dc_low                           0x2000005e   Data           2  main.o(.bss..L_MergedGlobals)
    p2_adc1_high                             0x20000060   Data           2  main.o(.bss..L_MergedGlobals)
    p2_adc2_high                             0x20000062   Data           2  main.o(.bss..L_MergedGlobals)
    p2_adc3_ac_high                          0x20000064   Data           2  main.o(.bss..L_MergedGlobals)
    p2_adc3_dc_high                          0x20000066   Data           2  main.o(.bss..L_MergedGlobals)
    main.u_load                              0x20000068   Data           2  main.o(.bss..L_MergedGlobals)
    sweep_i                                  0x20000078   Data           4  main.o(.bss..L_MergedGlobals)
    freq_in_max                              0x2000007c   Data           4  main.o(.bss..L_MergedGlobals)
    FH                                       0x20000080   Data           4  main.o(.bss..L_MergedGlobals)
    FSMC_Initialized                         0x20000088   Data           1  fsmc.o(.bss.FSMC_Initialized)
    [Anonymous Symbol]                       0x20000088   Section        0  fsmc.o(.bss.FSMC_Initialized)
    fine_val                                 0x2000008a   Data         800  main.o(.bss.fine_val)
    [Anonymous Symbol]                       0x2000008a   Section        0  main.o(.bss.fine_val)
    STACK                                    0x20000640   Section     1024  startup_stm32f407xx.o(STACK)

    Global Symbols

    Symbol Name                              Value     Ov Type        Size  Object(Section)

    BuildAttributes$$THM_ISAv4$E$P$D$K$B$S$7EM$VFPi3$EXTD16$VFPS$VFMA$PE$A:L22UL41UL21$X:L11$S22US41US21$IEEE1$IW$~IW$USESV6$~STKCKD$USESV7$~SHL$OTIME$ROPI$IEEEX$EBA8$MICROLIB$REQ8$PRES8$EABIv2 0x00000000   Number         0  anon$$obj.o ABSOLUTE
    _printf_a                                0x00000000   Number         0  printfstubs.o ABSOLUTE
    _printf_c                                0x00000000   Number         0  printfstubs.o ABSOLUTE
    _printf_charcount                        0x00000000   Number         0  printfstubs.o ABSOLUTE
    _printf_d                                0x00000000   Number         0  printfstubs.o ABSOLUTE
    _printf_e                                0x00000000   Number         0  printfstubs.o ABSOLUTE
    _printf_f                                0x00000000   Number         0  printfstubs.o ABSOLUTE
    _printf_flags                            0x00000000   Number         0  printfstubs.o ABSOLUTE
    _printf_fp_dec                           0x00000000   Number         0  printfstubs.o ABSOLUTE
    _printf_fp_hex                           0x00000000   Number         0  printfstubs.o ABSOLUTE
    _printf_g                                0x00000000   Number         0  printfstubs.o ABSOLUTE
    _printf_i                                0x00000000   Number         0  printfstubs.o ABSOLUTE
    _printf_int_dec                          0x00000000   Number         0  printfstubs.o ABSOLUTE
    _printf_l                                0x00000000   Number         0  printfstubs.o ABSOLUTE
    _printf_lc                               0x00000000   Number         0  printfstubs.o ABSOLUTE
    _printf_ll                               0x00000000   Number         0  printfstubs.o ABSOLUTE
    _printf_lld                              0x00000000   Number         0  printfstubs.o ABSOLUTE
    _printf_lli                              0x00000000   Number         0  printfstubs.o ABSOLUTE
    _printf_llo                              0x00000000   Number         0  printfstubs.o ABSOLUTE
    _printf_llu                              0x00000000   Number         0  printfstubs.o ABSOLUTE
    _printf_llx                              0x00000000   Number         0  printfstubs.o ABSOLUTE
    _printf_longlong_dec                     0x00000000   Number         0  printfstubs.o ABSOLUTE
    _printf_longlong_hex                     0x00000000   Number         0  printfstubs.o ABSOLUTE
    _printf_longlong_oct                     0x00000000   Number         0  printfstubs.o ABSOLUTE
    _printf_ls                               0x00000000   Number         0  printfstubs.o ABSOLUTE
    _printf_mbtowc                           0x00000000   Number         0  printfstubs.o ABSOLUTE
    _printf_n                                0x00000000   Number         0  printfstubs.o ABSOLUTE
    _printf_o                                0x00000000   Number         0  printfstubs.o ABSOLUTE
    _printf_p                                0x00000000   Number         0  printfstubs.o ABSOLUTE
    _printf_percent                          0x00000000   Number         0  printfstubs.o ABSOLUTE
    _printf_pre_padding                      0x00000000   Number         0  printfstubs.o ABSOLUTE
    _printf_return_value                     0x00000000   Number         0  printfstubs.o ABSOLUTE
    _printf_s                                0x00000000   Number         0  printfstubs.o ABSOLUTE
    _printf_sizespec                         0x00000000   Number         0  printfstubs.o ABSOLUTE
    _printf_str                              0x00000000   Number         0  printfstubs.o ABSOLUTE
    _printf_truncate_signed                  0x00000000   Number         0  printfstubs.o ABSOLUTE
    _printf_truncate_unsigned                0x00000000   Number         0  printfstubs.o ABSOLUTE
    _printf_u                                0x00000000   Number         0  printfstubs.o ABSOLUTE
    _printf_wc                               0x00000000   Number         0  printfstubs.o ABSOLUTE
    _printf_wctomb                           0x00000000   Number         0  printfstubs.o ABSOLUTE
    _printf_widthprec                        0x00000000   Number         0  printfstubs.o ABSOLUTE
    _printf_x                                0x00000000   Number         0  printfstubs.o ABSOLUTE
    __cpp_initialize__aeabi_                  - Undefined Weak Reference
    __cxa_finalize                            - Undefined Weak Reference
    __decompress                              - Undefined Weak Reference
    _clock_init                               - Undefined Weak Reference
    _microlib_exit                            - Undefined Weak Reference
    __Vectors_Size                           0x00000188   Number         0  startup_stm32f407xx.o ABSOLUTE
    __Vectors                                0x08000000   Data           4  startup_stm32f407xx.o(RESET)
    __Vectors_End                            0x08000188   Data           0  startup_stm32f407xx.o(RESET)
    __main                                   0x08000189   Thumb Code     0  entry.o(.ARM.Collect$$$$00000000)
    _main_stk                                0x08000189   Thumb Code     0  entry2.o(.ARM.Collect$$$$00000001)
    _main_scatterload                        0x0800018d   Thumb Code     0  entry5.o(.ARM.Collect$$$$00000004)
    __main_after_scatterload                 0x08000191   Thumb Code     0  entry5.o(.ARM.Collect$$$$00000004)
    _main_clock                              0x08000191   Thumb Code     0  entry7b.o(.ARM.Collect$$$$00000008)
    _main_cpp_init                           0x08000191   Thumb Code     0  entry8b.o(.ARM.Collect$$$$0000000A)
    _main_init                               0x08000191   Thumb Code     0  entry9a.o(.ARM.Collect$$$$0000000B)
    __rt_final_cpp                           0x08000199   Thumb Code     0  entry10a.o(.ARM.Collect$$$$0000000D)
    __rt_final_exit                          0x08000199   Thumb Code     0  entry11a.o(.ARM.Collect$$$$0000000F)
    Reset_Handler                            0x0800019d   Thumb Code     8  startup_stm32f407xx.o(.text)
    CAN1_RX0_IRQHandler                      0x080001b7   Thumb Code     0  startup_stm32f407xx.o(.text)
    CAN1_RX1_IRQHandler                      0x080001b7   Thumb Code     0  startup_stm32f407xx.o(.text)
    CAN1_SCE_IRQHandler                      0x080001b7   Thumb Code     0  startup_stm32f407xx.o(.text)
    CAN1_TX_IRQHandler                       0x080001b7   Thumb Code     0  startup_stm32f407xx.o(.text)
    CAN2_RX0_IRQHandler                      0x080001b7   Thumb Code     0  startup_stm32f407xx.o(.text)
    CAN2_RX1_IRQHandler                      0x080001b7   Thumb Code     0  startup_stm32f407xx.o(.text)
    CAN2_SCE_IRQHandler                      0x080001b7   Thumb Code     0  startup_stm32f407xx.o(.text)
    CAN2_TX_IRQHandler                       0x080001b7   Thumb Code     0  startup_stm32f407xx.o(.text)
    DCMI_IRQHandler                          0x080001b7   Thumb Code     0  startup_stm32f407xx.o(.text)
    DMA1_Stream0_IRQHandler                  0x080001b7   Thumb Code     0  startup_stm32f407xx.o(.text)
    DMA1_Stream1_IRQHandler                  0x080001b7   Thumb Code     0  startup_stm32f407xx.o(.text)
    DMA1_Stream2_IRQHandler                  0x080001b7   Thumb Code     0  startup_stm32f407xx.o(.text)
    DMA1_Stream3_IRQHandler                  0x080001b7   Thumb Code     0  startup_stm32f407xx.o(.text)
    DMA1_Stream4_IRQHandler                  0x080001b7   Thumb Code     0  startup_stm32f407xx.o(.text)
    DMA1_Stream5_IRQHandler                  0x080001b7   Thumb Code     0  startup_stm32f407xx.o(.text)
    DMA1_Stream6_IRQHandler                  0x080001b7   Thumb Code     0  startup_stm32f407xx.o(.text)
    DMA1_Stream7_IRQHandler                  0x080001b7   Thumb Code     0  startup_stm32f407xx.o(.text)
    DMA2_Stream1_IRQHandler                  0x080001b7   Thumb Code     0  startup_stm32f407xx.o(.text)
    DMA2_Stream3_IRQHandler                  0x080001b7   Thumb Code     0  startup_stm32f407xx.o(.text)
    DMA2_Stream5_IRQHandler                  0x080001b7   Thumb Code     0  startup_stm32f407xx.o(.text)
    DMA2_Stream6_IRQHandler                  0x080001b7   Thumb Code     0  startup_stm32f407xx.o(.text)
    DMA2_Stream7_IRQHandler                  0x080001b7   Thumb Code     0  startup_stm32f407xx.o(.text)
    ETH_IRQHandler                           0x080001b7   Thumb Code     0  startup_stm32f407xx.o(.text)
    ETH_WKUP_IRQHandler                      0x080001b7   Thumb Code     0  startup_stm32f407xx.o(.text)
    EXTI15_10_IRQHandler                     0x080001b7   Thumb Code     0  startup_stm32f407xx.o(.text)
    EXTI1_IRQHandler                         0x080001b7   Thumb Code     0  startup_stm32f407xx.o(.text)
    EXTI2_IRQHandler                         0x080001b7   Thumb Code     0  startup_stm32f407xx.o(.text)
    EXTI3_IRQHandler                         0x080001b7   Thumb Code     0  startup_stm32f407xx.o(.text)
    EXTI9_5_IRQHandler                       0x080001b7   Thumb Code     0  startup_stm32f407xx.o(.text)
    FLASH_IRQHandler                         0x080001b7   Thumb Code     0  startup_stm32f407xx.o(.text)
    FMC_IRQHandler                           0x080001b7   Thumb Code     0  startup_stm32f407xx.o(.text)
    FPU_IRQHandler                           0x080001b7   Thumb Code     0  startup_stm32f407xx.o(.text)
    HASH_RNG_IRQHandler                      0x080001b7   Thumb Code     0  startup_stm32f407xx.o(.text)
    I2C1_ER_IRQHandler                       0x080001b7   Thumb Code     0  startup_stm32f407xx.o(.text)
    I2C1_EV_IRQHandler                       0x080001b7   Thumb Code     0  startup_stm32f407xx.o(.text)
    I2C2_ER_IRQHandler                       0x080001b7   Thumb Code     0  startup_stm32f407xx.o(.text)
    I2C2_EV_IRQHandler                       0x080001b7   Thumb Code     0  startup_stm32f407xx.o(.text)
    I2C3_ER_IRQHandler                       0x080001b7   Thumb Code     0  startup_stm32f407xx.o(.text)
    I2C3_EV_IRQHandler                       0x080001b7   Thumb Code     0  startup_stm32f407xx.o(.text)
    OTG_FS_IRQHandler                        0x080001b7   Thumb Code     0  startup_stm32f407xx.o(.text)
    OTG_FS_WKUP_IRQHandler                   0x080001b7   Thumb Code     0  startup_stm32f407xx.o(.text)
    OTG_HS_EP1_IN_IRQHandler                 0x080001b7   Thumb Code     0  startup_stm32f407xx.o(.text)
    OTG_HS_EP1_OUT_IRQHandler                0x080001b7   Thumb Code     0  startup_stm32f407xx.o(.text)
    OTG_HS_IRQHandler                        0x080001b7   Thumb Code     0  startup_stm32f407xx.o(.text)
    OTG_HS_WKUP_IRQHandler                   0x080001b7   Thumb Code     0  startup_stm32f407xx.o(.text)
    PVD_IRQHandler                           0x080001b7   Thumb Code     0  startup_stm32f407xx.o(.text)
    RCC_IRQHandler                           0x080001b7   Thumb Code     0  startup_stm32f407xx.o(.text)
    RTC_Alarm_IRQHandler                     0x080001b7   Thumb Code     0  startup_stm32f407xx.o(.text)
    RTC_WKUP_IRQHandler                      0x080001b7   Thumb Code     0  startup_stm32f407xx.o(.text)
    SDIO_IRQHandler                          0x080001b7   Thumb Code     0  startup_stm32f407xx.o(.text)
    SPI1_IRQHandler                          0x080001b7   Thumb Code     0  startup_stm32f407xx.o(.text)
    SPI2_IRQHandler                          0x080001b7   Thumb Code     0  startup_stm32f407xx.o(.text)
    SPI3_IRQHandler                          0x080001b7   Thumb Code     0  startup_stm32f407xx.o(.text)
    TAMP_STAMP_IRQHandler                    0x080001b7   Thumb Code     0  startup_stm32f407xx.o(.text)
    TIM1_BRK_TIM9_IRQHandler                 0x080001b7   Thumb Code     0  startup_stm32f407xx.o(.text)
    TIM1_CC_IRQHandler                       0x080001b7   Thumb Code     0  startup_stm32f407xx.o(.text)
    TIM1_TRG_COM_TIM11_IRQHandler            0x080001b7   Thumb Code     0  startup_stm32f407xx.o(.text)
    TIM1_UP_TIM10_IRQHandler                 0x080001b7   Thumb Code     0  startup_stm32f407xx.o(.text)
    TIM2_IRQHandler                          0x080001b7   Thumb Code     0  startup_stm32f407xx.o(.text)
    TIM3_IRQHandler                          0x080001b7   Thumb Code     0  startup_stm32f407xx.o(.text)
    TIM4_IRQHandler                          0x080001b7   Thumb Code     0  startup_stm32f407xx.o(.text)
    TIM5_IRQHandler                          0x080001b7   Thumb Code     0  startup_stm32f407xx.o(.text)
    TIM6_DAC_IRQHandler                      0x080001b7   Thumb Code     0  startup_stm32f407xx.o(.text)
    TIM7_IRQHandler                          0x080001b7   Thumb Code     0  startup_stm32f407xx.o(.text)
    TIM8_BRK_TIM12_IRQHandler                0x080001b7   Thumb Code     0  startup_stm32f407xx.o(.text)
    TIM8_CC_IRQHandler                       0x080001b7   Thumb Code     0  startup_stm32f407xx.o(.text)
    TIM8_TRG_COM_TIM14_IRQHandler            0x080001b7   Thumb Code     0  startup_stm32f407xx.o(.text)
    TIM8_UP_TIM13_IRQHandler                 0x080001b7   Thumb Code     0  startup_stm32f407xx.o(.text)
    UART4_IRQHandler                         0x080001b7   Thumb Code     0  startup_stm32f407xx.o(.text)
    UART5_IRQHandler                         0x080001b7   Thumb Code     0  startup_stm32f407xx.o(.text)
    USART1_IRQHandler                        0x080001b7   Thumb Code     0  startup_stm32f407xx.o(.text)
    USART2_IRQHandler                        0x080001b7   Thumb Code     0  startup_stm32f407xx.o(.text)
    USART3_IRQHandler                        0x080001b7   Thumb Code     0  startup_stm32f407xx.o(.text)
    USART6_IRQHandler                        0x080001b7   Thumb Code     0  startup_stm32f407xx.o(.text)
    WWDG_IRQHandler                          0x080001b7   Thumb Code     0  startup_stm32f407xx.o(.text)
    __aeabi_uldivmod                         0x080001c1   Thumb Code    98  uldiv.o(.text)
    __aeabi_dmul                             0x08000223   Thumb Code   228  dmul.o(.text)
    __aeabi_d2uiz                            0x08000307   Thumb Code    50  dfixui.o(.text)
    __aeabi_f2d                              0x08000339   Thumb Code    38  f2d.o(.text)
    __aeabi_llsl                             0x0800035f   Thumb Code    30  llshl.o(.text)
    _ll_shift_l                              0x0800035f   Thumb Code     0  llshl.o(.text)
    __aeabi_llsr                             0x0800037d   Thumb Code    32  llushr.o(.text)
    _ll_ushift_r                             0x0800037d   Thumb Code     0  llushr.o(.text)
    __I$use$fp                               0x0800039d   Thumb Code     0  iusefp.o(.text)
    _double_round                            0x0800039d   Thumb Code    30  depilogue.o(.text)
    _double_epilogue                         0x080003bb   Thumb Code   156  depilogue.o(.text)
    __scatterload                            0x08000459   Thumb Code    38  init.o(.text)
    __scatterload_rt2                        0x08000459   Thumb Code     0  init.o(.text)
    AD9954_Init                              0x08000489   Thumb Code   170  ad9954.o(.text.AD9954_Init)
    AD9954_Send_Byte                         0x08000535   Thumb Code   386  ad9954.o(.text.AD9954_Send_Byte)
    AD9954_Set_Amp                           0x080006b9   Thumb Code    86  ad9954.o(.text.AD9954_Set_Amp)
    AD9954_Set_Fre                           0x08000711   Thumb Code   130  ad9954.o(.text.AD9954_Set_Fre)
    AD9954_Set_Phase                         0x08000795   Thumb Code    86  ad9954.o(.text.AD9954_Set_Phase)
    ADC_IRQHandler                           0x080007ed   Thumb Code    42  stm32f4xx_it.o(.text.ADC_IRQHandler)
    BusFault_Handler                         0x08000819   Thumb Code     2  stm32f4xx_it.o(.text.BusFault_Handler)
    DMA2_Stream0_IRQHandler                  0x0800081d   Thumb Code    12  stm32f4xx_it.o(.text.DMA2_Stream0_IRQHandler)
    DMA2_Stream2_IRQHandler                  0x08000829   Thumb Code    12  stm32f4xx_it.o(.text.DMA2_Stream2_IRQHandler)
    DMA2_Stream4_IRQHandler                  0x08000835   Thumb Code    12  stm32f4xx_it.o(.text.DMA2_Stream4_IRQHandler)
    DebugMon_Handler                         0x08000841   Thumb Code     2  stm32f4xx_it.o(.text.DebugMon_Handler)
    EXTI0_IRQHandler                         0x08000845   Thumb Code    34  stm32f4xx_it.o(.text.EXTI0_IRQHandler)
    EXTI4_IRQHandler                         0x08000869   Thumb Code    34  stm32f4xx_it.o(.text.EXTI4_IRQHandler)
    Error_Handler                            0x0800088d   Thumb Code     6  main.o(.text.Error_Handler)
    FSMC_NORSRAM_Extended_Timing_Init        0x08000895   Thumb Code    80  stm32f4xx_ll_fsmc.o(.text.FSMC_NORSRAM_Extended_Timing_Init)
    FSMC_NORSRAM_Init                        0x080008e5   Thumb Code   136  stm32f4xx_ll_fsmc.o(.text.FSMC_NORSRAM_Init)
    FSMC_NORSRAM_Timing_Init                 0x0800096d   Thumb Code    58  stm32f4xx_ll_fsmc.o(.text.FSMC_NORSRAM_Timing_Init)
    HAL_ADCEx_InjectedConvCpltCallback       0x080009a9   Thumb Code     2  stm32f4xx_hal_adc_ex.o(.text.HAL_ADCEx_InjectedConvCpltCallback)
    HAL_ADC_ConfigChannel                    0x080009ad   Thumb Code   326  stm32f4xx_hal_adc.o(.text.HAL_ADC_ConfigChannel)
    HAL_ADC_ConvCpltCallback                 0x08000af5   Thumb Code     2  stm32f4xx_hal_adc.o(.text.HAL_ADC_ConvCpltCallback)
    HAL_ADC_ErrorCallback                    0x08000af9   Thumb Code     2  stm32f4xx_hal_adc.o(.text.HAL_ADC_ErrorCallback)
    HAL_ADC_GetValue                         0x08000afd   Thumb Code     6  stm32f4xx_hal_adc.o(.text.HAL_ADC_GetValue)
    HAL_ADC_IRQHandler                       0x08000b05   Thumb Code   310  stm32f4xx_hal_adc.o(.text.HAL_ADC_IRQHandler)
    HAL_ADC_Init                             0x08000c3d   Thumb Code   350  stm32f4xx_hal_adc.o(.text.HAL_ADC_Init)
    HAL_ADC_LevelOutOfWindowCallback         0x08000d9d   Thumb Code     2  stm32f4xx_hal_adc.o(.text.HAL_ADC_LevelOutOfWindowCallback)
    HAL_ADC_MspInit                          0x08000da1   Thumb Code   454  adc.o(.text.HAL_ADC_MspInit)
    HAL_ADC_PollForConversion                0x08000f69   Thumb Code   254  stm32f4xx_hal_adc.o(.text.HAL_ADC_PollForConversion)
    HAL_ADC_Start                            0x08001069   Thumb Code   346  stm32f4xx_hal_adc.o(.text.HAL_ADC_Start)
    HAL_DMA_IRQHandler                       0x080011c5   Thumb Code   448  stm32f4xx_hal_dma.o(.text.HAL_DMA_IRQHandler)
    HAL_DMA_Init                             0x08001385   Thumb Code   354  stm32f4xx_hal_dma.o(.text.HAL_DMA_Init)
    HAL_Delay                                0x080014e9   Thumb Code    40  stm32f4xx_hal.o(.text.HAL_Delay)
    HAL_GPIO_EXTI_Callback                   0x08001511   Thumb Code     2  stm32f4xx_hal_gpio.o(.text.HAL_GPIO_EXTI_Callback)
    HAL_GPIO_EXTI_IRQHandler                 0x08001515   Thumb Code    22  stm32f4xx_hal_gpio.o(.text.HAL_GPIO_EXTI_IRQHandler)
    HAL_GPIO_Init                            0x0800152d   Thumb Code   414  stm32f4xx_hal_gpio.o(.text.HAL_GPIO_Init)
    HAL_GPIO_WritePin                        0x080016cd   Thumb Code    10  stm32f4xx_hal_gpio.o(.text.HAL_GPIO_WritePin)
    HAL_GetTick                              0x080016d9   Thumb Code    12  stm32f4xx_hal.o(.text.HAL_GetTick)
    HAL_IncTick                              0x080016e5   Thumb Code    26  stm32f4xx_hal.o(.text.HAL_IncTick)
    HAL_Init                                 0x08001701   Thumb Code    54  stm32f4xx_hal.o(.text.HAL_Init)
    HAL_InitTick                             0x08001739   Thumb Code    72  stm32f4xx_hal.o(.text.HAL_InitTick)
    HAL_MspInit                              0x08001781   Thumb Code    56  stm32f4xx_hal_msp.o(.text.HAL_MspInit)
    HAL_NVIC_EnableIRQ                       0x080017b9   Thumb Code    34  stm32f4xx_hal_cortex.o(.text.HAL_NVIC_EnableIRQ)
    HAL_NVIC_SetPriority                     0x080017dd   Thumb Code    86  stm32f4xx_hal_cortex.o(.text.HAL_NVIC_SetPriority)
    HAL_NVIC_SetPriorityGrouping             0x08001835   Thumb Code    32  stm32f4xx_hal_cortex.o(.text.HAL_NVIC_SetPriorityGrouping)
    HAL_RCC_ClockConfig                      0x08001855   Thumb Code   356  stm32f4xx_hal_rcc.o(.text.HAL_RCC_ClockConfig)
    HAL_RCC_GetPCLK1Freq                     0x080019b9   Thumb Code    38  stm32f4xx_hal_rcc.o(.text.HAL_RCC_GetPCLK1Freq)
    HAL_RCC_GetPCLK2Freq                     0x080019e1   Thumb Code    38  stm32f4xx_hal_rcc.o(.text.HAL_RCC_GetPCLK2Freq)
    HAL_RCC_GetSysClockFreq                  0x08001a09   Thumb Code   108  stm32f4xx_hal_rcc.o(.text.HAL_RCC_GetSysClockFreq)
    HAL_RCC_OscConfig                        0x08001a75   Thumb Code   944  stm32f4xx_hal_rcc.o(.text.HAL_RCC_OscConfig)
    HAL_SRAM_Init                            0x08001e25   Thumb Code    92  stm32f4xx_hal_sram.o(.text.HAL_SRAM_Init)
    HAL_SRAM_MspInit                         0x08001e81   Thumb Code   178  fsmc.o(.text.HAL_SRAM_MspInit)
    HAL_SYSTICK_Config                       0x08001f35   Thumb Code    44  stm32f4xx_hal_cortex.o(.text.HAL_SYSTICK_Config)
    HAL_UART_Init                            0x08001f61   Thumb Code    96  stm32f4xx_hal_uart.o(.text.HAL_UART_Init)
    HAL_UART_MspInit                         0x08001fc1   Thumb Code   108  usart.o(.text.HAL_UART_MspInit)
    HAL_UART_Transmit                        0x0800202d   Thumb Code   376  stm32f4xx_hal_uart.o(.text.HAL_UART_Transmit)
    HardFault_Handler                        0x080021a5   Thumb Code     2  stm32f4xx_it.o(.text.HardFault_Handler)
    LCD_Clear                                0x080021a9   Thumb Code    88  lcd.o(.text.LCD_Clear)
    LCD_Display_Dir                          0x08002201   Thumb Code   224  lcd.o(.text.LCD_Display_Dir)
    LCD_DrawLine                             0x080022e1   Thumb Code   184  lcd.o(.text.LCD_DrawLine)
    LCD_DrawPoint                            0x08002399   Thumb Code    30  lcd.o(.text.LCD_DrawPoint)
    LCD_Fast_DrawPoint                       0x080023b9   Thumb Code   580  lcd.o(.text.LCD_Fast_DrawPoint)
    LCD_Fill                                 0x080025fd   Thumb Code   174  lcd.o(.text.LCD_Fill)
    LCD_Init                                 0x080026ad   Thumb Code 21722  lcd.o(.text.LCD_Init)
    LCD_Scan_Dir                             0x08007b89   Thumb Code   740  lcd.o(.text.LCD_Scan_Dir)
    LCD_SetCursor                            0x08007e7d   Thumb Code   630  lcd.o(.text.LCD_SetCursor)
    LCD_ShowChar                             0x080080f5   Thumb Code  1138  lcd.o(.text.LCD_ShowChar)
    LCD_ShowNum                              0x08008569   Thumb Code   270  lcd.o(.text.LCD_ShowNum)
    LCD_ShowString                           0x08008679   Thumb Code   112  lcd.o(.text.LCD_ShowString)
    MX_ADC1_Init                             0x080086e9   Thumb Code   108  adc.o(.text.MX_ADC1_Init)
    MX_ADC2_Init                             0x08008755   Thumb Code   108  adc.o(.text.MX_ADC2_Init)
    MX_ADC3_Init                             0x080087c1   Thumb Code   142  adc.o(.text.MX_ADC3_Init)
    MX_DMA_Init                              0x08008851   Thumb Code    88  dma.o(.text.MX_DMA_Init)
    MX_FSMC_Init                             0x080088a9   Thumb Code   108  fsmc.o(.text.MX_FSMC_Init)
    MX_GPIO_Init                             0x08008915   Thumb Code   484  gpio.o(.text.MX_GPIO_Init)
    MX_USART1_UART_Init                      0x08008af9   Thumb Code    60  usart.o(.text.MX_USART1_UART_Init)
    MemManage_Handler                        0x08008b35   Thumb Code     2  stm32f4xx_it.o(.text.MemManage_Handler)
    NMI_Handler                              0x08008b39   Thumb Code     2  stm32f4xx_it.o(.text.NMI_Handler)
    Page0_Init                               0x08008b3d   Thumb Code   416  main.o(.text.Page0_Init)
    Page0_Update                             0x08008d49   Thumb Code   596  main.o(.text.Page0_Update)
    Page1_Init                               0x08008fa1   Thumb Code   404  main.o(.text.Page1_Init)
    Page1_SweepTask                          0x08009189   Thumb Code  1688  main.o(.text.Page1_SweepTask)
    Page2_Init                               0x0800987d   Thumb Code   488  main.o(.text.Page2_Init)
    Page2_Update                             0x08009a9d   Thumb Code  2644  main.o(.text.Page2_Update)
    PendSV_Handler                           0x0800a4f1   Thumb Code     2  stm32f4xx_it.o(.text.PendSV_Handler)
    SVC_Handler                              0x0800a625   Thumb Code     2  stm32f4xx_it.o(.text.SVC_Handler)
    SysTick_Handler                          0x0800a629   Thumb Code     4  stm32f4xx_it.o(.text.SysTick_Handler)
    SystemClock_Config                       0x0800a62d   Thumb Code   168  main.o(.text.SystemClock_Config)
    SystemInit                               0x0800a6d5   Thumb Code    18  system_stm32f4xx.o(.text.SystemInit)
    UsageFault_Handler                       0x0800a7d9   Thumb Code     2  stm32f4xx_it.o(.text.UsageFault_Handler)
    delay_us                                 0x0800a7dd   Thumb Code    76  delay.o(.text.delay_us)
    fputc                                    0x0800a829   Thumb Code    32  main.o(.text.fputc)
    main                                     0x0800a849   Thumb Code  4000  main.o(.text.main)
    __0printf$5                              0x0800b7e9   Thumb Code    22  printf5.o(i.__0printf$5)
    __1printf$5                              0x0800b7e9   Thumb Code     0  printf5.o(i.__0printf$5)
    __2printf                                0x0800b7e9   Thumb Code     0  printf5.o(i.__0printf$5)
    __scatterload_copy                       0x0800b809   Thumb Code    14  handlers.o(i.__scatterload_copy)
    __scatterload_null                       0x0800b817   Thumb Code     2  handlers.o(i.__scatterload_null)
    __scatterload_zeroinit                   0x0800b819   Thumb Code    14  handlers.o(i.__scatterload_zeroinit)
    AHBPrescTable                            0x0800baf6   Data          16  system_stm32f4xx.o(.rodata.AHBPrescTable)
    APBPrescTable                            0x0800bb06   Data           8  system_stm32f4xx.o(.rodata.APBPrescTable)
    asc2_1206                                0x0800bb14   Data        1140  lcd.o(.rodata.asc2_1206)
    asc2_1608                                0x0800bf88   Data        1520  lcd.o(.rodata.asc2_1608)
    asc2_2412                                0x0800c578   Data        3420  lcd.o(.rodata.asc2_2412)
    Region$$Table$$Base                      0x0800d350   Number         0  anon$$obj.o(Region$$Table)
    Region$$Table$$Limit                     0x0800d370   Number         0  anon$$obj.o(Region$$Table)
    __stdout                                 0x20000000   Data           4  stdout.o(.data)
    uwTickFreq                               0x20000004   Data           1  stm32f4xx_hal.o(.data..L_MergedGlobals)
    uwTickPrio                               0x20000008   Data           4  stm32f4xx_hal.o(.data..L_MergedGlobals)
    BACK_COLOR                               0x2000000c   Data           2  lcd.o(.data.BACK_COLOR)
    SystemCoreClock                          0x20000010   Data           4  system_stm32f4xx.o(.data.SystemCoreClock)
    fH_Num                                   0x20000018   Data           8  ad9954.o(.data.fH_Num)
    page_changed                             0x20000020   Data           1  main.o(.data.page_changed)
    POINT_COLOR                              0x20000028   Data           2  lcd.o(.bss..L_MergedGlobals)
    lcddev                                   0x2000002a   Data          14  lcd.o(.bss..L_MergedGlobals)
    current_page                             0x20000038   Data           1  main.o(.bss..L_MergedGlobals)
    key0_pressed                             0x20000039   Data           1  main.o(.bss..L_MergedGlobals)
    key_up_pressed                           0x2000003a   Data           1  main.o(.bss..L_MergedGlobals)
    measure_running                          0x2000003b   Data           1  main.o(.bss..L_MergedGlobals)
    sweep_busy                               0x2000003c   Data           1  main.o(.bss..L_MergedGlobals)
    sweep_running                            0x2000003d   Data           1  main.o(.bss..L_MergedGlobals)
    fault_running                            0x20000040   Data           1  main.o(.bss..L_MergedGlobals)
    adc1_val                                 0x20000044   Data           2  main.o(.bss..L_MergedGlobals)
    adc2_val                                 0x20000046   Data           2  main.o(.bss..L_MergedGlobals)
    adc3_val                                 0x20000048   Data           2  main.o(.bss..L_MergedGlobals)
    adc3_val1                                0x2000004a   Data           2  main.o(.bss..L_MergedGlobals)
    adc3_val2                                0x2000004c   Data           2  main.o(.bss..L_MergedGlobals)
    adc3_valDC                               0x2000004e   Data           2  main.o(.bss..L_MergedGlobals)
    uo_open_value                            0x20000050   Data           2  main.o(.bss..L_MergedGlobals)
    input_resistance                         0x2000006c   Data           4  main.o(.bss..L_MergedGlobals)
    output_resistance                        0x20000070   Data           4  main.o(.bss..L_MergedGlobals)
    amplification                            0x20000074   Data           4  main.o(.bss..L_MergedGlobals)
    fault_status                             0x20000084   Data           4  main.o(.bss..L_MergedGlobals)
    hadc1                                    0x200003ac   Data          72  adc.o(.bss.hadc1)
    hadc2                                    0x200003f4   Data          72  adc.o(.bss.hadc2)
    hadc3                                    0x2000043c   Data          72  adc.o(.bss.hadc3)
    hdma_adc1                                0x20000484   Data          96  adc.o(.bss.hdma_adc1)
    hdma_adc2                                0x200004e4   Data          96  adc.o(.bss.hdma_adc2)
    hdma_adc3                                0x20000544   Data          96  adc.o(.bss.hdma_adc3)
    hsram1                                   0x200005a4   Data          80  fsmc.o(.bss.hsram1)
    huart1                                   0x200005f4   Data          72  usart.o(.bss.huart1)
    uwTick                                   0x2000063c   Data           4  stm32f4xx_hal.o(.bss.uwTick)
    __initial_sp                             0x20000a40   Data           0  startup_stm32f407xx.o(STACK)



==============================================================================

Memory Map of the image

  Image Entry point : 0x08000189

  Load Region LR_IROM1 (Base: 0x08000000, Size: 0x0000d398, Max: 0x00100000, ABSOLUTE)

    Execution Region ER_IROM1 (Exec base: 0x08000000, Load base: 0x08000000, Size: 0x0000d370, Max: 0x00100000, ABSOLUTE)

    Exec Addr    Load Addr    Size         Type   Attr      Idx    E Section Name        Object

    0x08000000   0x08000000   0x00000188   Data   RO            3    RESET               startup_stm32f407xx.o
    0x08000188   0x08000188   0x00000000   Code   RO         1079  * .ARM.Collect$$$$00000000  mc_w.l(entry.o)
    0x08000188   0x08000188   0x00000004   Code   RO         1386    .ARM.Collect$$$$00000001  mc_w.l(entry2.o)
    0x0800018c   0x0800018c   0x00000004   Code   RO         1389    .ARM.Collect$$$$00000004  mc_w.l(entry5.o)
    0x08000190   0x08000190   0x00000000   Code   RO         1391    .ARM.Collect$$$$00000008  mc_w.l(entry7b.o)
    0x08000190   0x08000190   0x00000000   Code   RO         1393    .ARM.Collect$$$$0000000A  mc_w.l(entry8b.o)
    0x08000190   0x08000190   0x00000008   Code   RO         1394    .ARM.Collect$$$$0000000B  mc_w.l(entry9a.o)
    0x08000198   0x08000198   0x00000000   Code   RO         1396    .ARM.Collect$$$$0000000D  mc_w.l(entry10a.o)
    0x08000198   0x08000198   0x00000000   Code   RO         1398    .ARM.Collect$$$$0000000F  mc_w.l(entry11a.o)
    0x08000198   0x08000198   0x00000004   Code   RO         1387    .ARM.Collect$$$$00002712  mc_w.l(entry2.o)
    0x0800019c   0x0800019c   0x00000024   Code   RO            4    .text               startup_stm32f407xx.o
    0x080001c0   0x080001c0   0x00000062   Code   RO         1082    .text               mc_w.l(uldiv.o)
    0x08000222   0x08000222   0x000000e4   Code   RO         1345    .text               mf_w.l(dmul.o)
    0x08000306   0x08000306   0x00000032   Code   RO         1355    .text               mf_w.l(dfixui.o)
    0x08000338   0x08000338   0x00000026   Code   RO         1357    .text               mf_w.l(f2d.o)
    0x0800035e   0x0800035e   0x0000001e   Code   RO         1412    .text               mc_w.l(llshl.o)
    0x0800037c   0x0800037c   0x00000020   Code   RO         1414    .text               mc_w.l(llushr.o)
    0x0800039c   0x0800039c   0x00000000   Code   RO         1423    .text               mc_w.l(iusefp.o)
    0x0800039c   0x0800039c   0x000000ba   Code   RO         1426    .text               mf_w.l(depilogue.o)
    0x08000456   0x08000456   0x00000002   PAD
    0x08000458   0x08000458   0x00000030   Code   RO         1450    .text               mc_w.l(init.o)
    0x08000488   0x08000488   0x000000aa   Code   RO           27    .text.AD9954_Init   ad9954.o
    0x08000532   0x08000532   0x00000002   PAD
    0x08000534   0x08000534   0x00000182   Code   RO           17    .text.AD9954_Send_Byte  ad9954.o
    0x080006b6   0x080006b6   0x00000002   PAD
    0x080006b8   0x080006b8   0x00000056   Code   RO           31    .text.AD9954_Set_Amp  ad9954.o
    0x0800070e   0x0800070e   0x00000002   PAD
    0x08000710   0x08000710   0x00000082   Code   RO           29    .text.AD9954_Set_Fre  ad9954.o
    0x08000792   0x08000792   0x00000002   PAD
    0x08000794   0x08000794   0x00000056   Code   RO           33    .text.AD9954_Set_Phase  ad9954.o
    0x080007ea   0x080007ea   0x00000002   PAD
    0x080007ec   0x080007ec   0x0000002a   Code   RO          324    .text.ADC_IRQHandler  stm32f4xx_it.o
    0x08000816   0x08000816   0x00000002   PAD
    0x08000818   0x08000818   0x00000002   Code   RO          308    .text.BusFault_Handler  stm32f4xx_it.o
    0x0800081a   0x0800081a   0x00000002   PAD
    0x0800081c   0x0800081c   0x0000000c   Code   RO          326    .text.DMA2_Stream0_IRQHandler  stm32f4xx_it.o
    0x08000828   0x08000828   0x0000000c   Code   RO          328    .text.DMA2_Stream2_IRQHandler  stm32f4xx_it.o
    0x08000834   0x08000834   0x0000000c   Code   RO          330    .text.DMA2_Stream4_IRQHandler  stm32f4xx_it.o
    0x08000840   0x08000840   0x00000002   Code   RO          314    .text.DebugMon_Handler  stm32f4xx_it.o
    0x08000842   0x08000842   0x00000002   PAD
    0x08000844   0x08000844   0x00000022   Code   RO          320    .text.EXTI0_IRQHandler  stm32f4xx_it.o
    0x08000866   0x08000866   0x00000002   PAD
    0x08000868   0x08000868   0x00000022   Code   RO          322    .text.EXTI4_IRQHandler  stm32f4xx_it.o
    0x0800088a   0x0800088a   0x00000002   PAD
    0x0800088c   0x0800088c   0x00000006   Code   RO          208    .text.Error_Handler  main.o
    0x08000892   0x08000892   0x00000002   PAD
    0x08000894   0x08000894   0x00000050   Code   RO          834    .text.FSMC_NORSRAM_Extended_Timing_Init  stm32f4xx_ll_fsmc.o
    0x080008e4   0x080008e4   0x00000088   Code   RO          828    .text.FSMC_NORSRAM_Init  stm32f4xx_ll_fsmc.o
    0x0800096c   0x0800096c   0x0000003a   Code   RO          832    .text.FSMC_NORSRAM_Timing_Init  stm32f4xx_ll_fsmc.o
    0x080009a6   0x080009a6   0x00000002   PAD
    0x080009a8   0x080009a8   0x00000002   Code   RO          429    .text.HAL_ADCEx_InjectedConvCpltCallback  stm32f4xx_hal_adc_ex.o
    0x080009aa   0x080009aa   0x00000002   PAD
    0x080009ac   0x080009ac   0x00000146   Code   RO          389    .text.HAL_ADC_ConfigChannel  stm32f4xx_hal_adc.o
    0x08000af2   0x08000af2   0x00000002   PAD
    0x08000af4   0x08000af4   0x00000002   Code   RO          369    .text.HAL_ADC_ConvCpltCallback  stm32f4xx_hal_adc.o
    0x08000af6   0x08000af6   0x00000002   PAD
    0x08000af8   0x08000af8   0x00000002   Code   RO          373    .text.HAL_ADC_ErrorCallback  stm32f4xx_hal_adc.o
    0x08000afa   0x08000afa   0x00000002   PAD
    0x08000afc   0x08000afc   0x00000006   Code   RO          385    .text.HAL_ADC_GetValue  stm32f4xx_hal_adc.o
    0x08000b02   0x08000b02   0x00000002   PAD
    0x08000b04   0x08000b04   0x00000136   Code   RO          367    .text.HAL_ADC_IRQHandler  stm32f4xx_hal_adc.o
    0x08000c3a   0x08000c3a   0x00000002   PAD
    0x08000c3c   0x08000c3c   0x0000015e   Code   RO          347    .text.HAL_ADC_Init  stm32f4xx_hal_adc.o
    0x08000d9a   0x08000d9a   0x00000002   PAD
    0x08000d9c   0x08000d9c   0x00000002   Code   RO          371    .text.HAL_ADC_LevelOutOfWindowCallback  stm32f4xx_hal_adc.o
    0x08000d9e   0x08000d9e   0x00000002   PAD
    0x08000da0   0x08000da0   0x000001c6   Code   RO          243    .text.HAL_ADC_MspInit  adc.o
    0x08000f66   0x08000f66   0x00000002   PAD
    0x08000f68   0x08000f68   0x000000fe   Code   RO          359    .text.HAL_ADC_PollForConversion  stm32f4xx_hal_adc.o
    0x08001066   0x08001066   0x00000002   PAD
    0x08001068   0x08001068   0x0000015a   Code   RO          355    .text.HAL_ADC_Start  stm32f4xx_hal_adc.o
    0x080011c2   0x080011c2   0x00000002   PAD
    0x080011c4   0x080011c4   0x000001c0   Code   RO          605    .text.HAL_DMA_IRQHandler  stm32f4xx_hal_dma.o
    0x08001384   0x08001384   0x00000162   Code   RO          591    .text.HAL_DMA_Init  stm32f4xx_hal_dma.o
    0x080014e6   0x080014e6   0x00000002   PAD
    0x080014e8   0x080014e8   0x00000028   Code   RO          758    .text.HAL_Delay     stm32f4xx_hal.o
    0x08001510   0x08001510   0x00000002   Code   RO          567    .text.HAL_GPIO_EXTI_Callback  stm32f4xx_hal_gpio.o
    0x08001512   0x08001512   0x00000002   PAD
    0x08001514   0x08001514   0x00000016   Code   RO          565    .text.HAL_GPIO_EXTI_IRQHandler  stm32f4xx_hal_gpio.o
    0x0800152a   0x0800152a   0x00000002   PAD
    0x0800152c   0x0800152c   0x0000019e   Code   RO          553    .text.HAL_GPIO_Init  stm32f4xx_hal_gpio.o
    0x080016ca   0x080016ca   0x00000002   PAD
    0x080016cc   0x080016cc   0x0000000a   Code   RO          559    .text.HAL_GPIO_WritePin  stm32f4xx_hal_gpio.o
    0x080016d6   0x080016d6   0x00000002   PAD
    0x080016d8   0x080016d8   0x0000000c   Code   RO          750    .text.HAL_GetTick   stm32f4xx_hal.o
    0x080016e4   0x080016e4   0x0000001a   Code   RO          748    .text.HAL_IncTick   stm32f4xx_hal.o
    0x080016fe   0x080016fe   0x00000002   PAD
    0x08001700   0x08001700   0x00000036   Code   RO          738    .text.HAL_Init      stm32f4xx_hal.o
    0x08001736   0x08001736   0x00000002   PAD
    0x08001738   0x08001738   0x00000048   Code   RO          740    .text.HAL_InitTick  stm32f4xx_hal.o
    0x08001780   0x08001780   0x00000038   Code   RO          339    .text.HAL_MspInit   stm32f4xx_hal_msp.o
    0x080017b8   0x080017b8   0x00000022   Code   RO          690    .text.HAL_NVIC_EnableIRQ  stm32f4xx_hal_cortex.o
    0x080017da   0x080017da   0x00000002   PAD
    0x080017dc   0x080017dc   0x00000056   Code   RO          688    .text.HAL_NVIC_SetPriority  stm32f4xx_hal_cortex.o
    0x08001832   0x08001832   0x00000002   PAD
    0x08001834   0x08001834   0x00000020   Code   RO          686    .text.HAL_NVIC_SetPriorityGrouping  stm32f4xx_hal_cortex.o
    0x08001854   0x08001854   0x00000164   Code   RO          447    .text.HAL_RCC_ClockConfig  stm32f4xx_hal_rcc.o
    0x080019b8   0x080019b8   0x00000026   Code   RO          459    .text.HAL_RCC_GetPCLK1Freq  stm32f4xx_hal_rcc.o
    0x080019de   0x080019de   0x00000002   PAD
    0x080019e0   0x080019e0   0x00000026   Code   RO          461    .text.HAL_RCC_GetPCLK2Freq  stm32f4xx_hal_rcc.o
    0x08001a06   0x08001a06   0x00000002   PAD
    0x08001a08   0x08001a08   0x0000006c   Code   RO          449    .text.HAL_RCC_GetSysClockFreq  stm32f4xx_hal_rcc.o
    0x08001a74   0x08001a74   0x000003b0   Code   RO          445    .text.HAL_RCC_OscConfig  stm32f4xx_hal_rcc.o
    0x08001e24   0x08001e24   0x0000005c   Code   RO          873    .text.HAL_SRAM_Init  stm32f4xx_hal_sram.o
    0x08001e80   0x08001e80   0x000000b2   Code   RO          272    .text.HAL_SRAM_MspInit  fsmc.o
    0x08001f32   0x08001f32   0x00000002   PAD
    0x08001f34   0x08001f34   0x0000002c   Code   RO          698    .text.HAL_SYSTICK_Config  stm32f4xx_hal_cortex.o
    0x08001f60   0x08001f60   0x00000060   Code   RO          923    .text.HAL_UART_Init  stm32f4xx_hal_uart.o
    0x08001fc0   0x08001fc0   0x0000006c   Code   RO          289    .text.HAL_UART_MspInit  usart.o
    0x0800202c   0x0800202c   0x00000178   Code   RO          939    .text.HAL_UART_Transmit  stm32f4xx_hal_uart.o
    0x080021a4   0x080021a4   0x00000002   Code   RO          304    .text.HardFault_Handler  stm32f4xx_it.o
    0x080021a6   0x080021a6   0x00000002   PAD
    0x080021a8   0x080021a8   0x00000058   Code   RO           99    .text.LCD_Clear     lcd.o
    0x08002200   0x08002200   0x000000e0   Code   RO           93    .text.LCD_Display_Dir  lcd.o
    0x080022e0   0x080022e0   0x000000b8   Code   RO          105    .text.LCD_DrawLine  lcd.o
    0x08002398   0x08002398   0x0000001e   Code   RO           87    .text.LCD_DrawPoint  lcd.o
    0x080023b6   0x080023b6   0x00000002   PAD
    0x080023b8   0x080023b8   0x00000244   Code   RO           89    .text.LCD_Fast_DrawPoint  lcd.o
    0x080025fc   0x080025fc   0x000000ae   Code   RO          101    .text.LCD_Fill      lcd.o
    0x080026aa   0x080026aa   0x00000002   PAD
    0x080026ac   0x080026ac   0x000054da   Code   RO           97    .text.LCD_Init      lcd.o
    0x08007b86   0x08007b86   0x00000002   PAD
    0x08007b88   0x08007b88   0x000002f4   Code   RO           85    .text.LCD_Scan_Dir  lcd.o
    0x08007e7c   0x08007e7c   0x00000276   Code   RO           79    .text.LCD_SetCursor  lcd.o
    0x080080f2   0x080080f2   0x00000002   PAD
    0x080080f4   0x080080f4   0x00000472   Code   RO          111    .text.LCD_ShowChar  lcd.o
    0x08008566   0x08008566   0x00000002   PAD
    0x08008568   0x08008568   0x0000010e   Code   RO          115    .text.LCD_ShowNum   lcd.o
    0x08008676   0x08008676   0x00000002   PAD
    0x08008678   0x08008678   0x00000070   Code   RO          119    .text.LCD_ShowString  lcd.o
    0x080086e8   0x080086e8   0x0000006c   Code   RO          237    .text.MX_ADC1_Init  adc.o
    0x08008754   0x08008754   0x0000006c   Code   RO          239    .text.MX_ADC2_Init  adc.o
    0x080087c0   0x080087c0   0x0000008e   Code   RO          241    .text.MX_ADC3_Init  adc.o
    0x0800884e   0x0800884e   0x00000002   PAD
    0x08008850   0x08008850   0x00000058   Code   RO          261    .text.MX_DMA_Init   dma.o
    0x080088a8   0x080088a8   0x0000006c   Code   RO          270    .text.MX_FSMC_Init  fsmc.o
    0x08008914   0x08008914   0x000001e4   Code   RO          227    .text.MX_GPIO_Init  gpio.o
    0x08008af8   0x08008af8   0x0000003c   Code   RO          287    .text.MX_USART1_UART_Init  usart.o
    0x08008b34   0x08008b34   0x00000002   Code   RO          306    .text.MemManage_Handler  stm32f4xx_it.o
    0x08008b36   0x08008b36   0x00000002   PAD
    0x08008b38   0x08008b38   0x00000002   Code   RO          302    .text.NMI_Handler   stm32f4xx_it.o
    0x08008b3a   0x08008b3a   0x00000002   PAD
    0x08008b3c   0x08008b3c   0x0000020c   Code   RO          184    .text.Page0_Init    main.o
    0x08008d48   0x08008d48   0x00000258   Code   RO          186    .text.Page0_Update  main.o
    0x08008fa0   0x08008fa0   0x000001e4   Code   RO          190    .text.Page1_Init    main.o
    0x08009184   0x08009184   0x00000004   PAD
    0x08009188   0x08009188   0x000006f4   Code   RO          194    .text.Page1_SweepTask  main.o
    0x0800987c   0x0800987c   0x00000220   Code   RO          198    .text.Page2_Init    main.o
    0x08009a9c   0x08009a9c   0x00000a54   Code   RO          202    .text.Page2_Update  main.o
    0x0800a4f0   0x0800a4f0   0x00000002   Code   RO          316    .text.PendSV_Handler  stm32f4xx_it.o
    0x0800a4f2   0x0800a4f2   0x00000002   PAD
    0x0800a4f4   0x0800a4f4   0x00000130   Code   RO          196    .text.ReadAD637     main.o
    0x0800a624   0x0800a624   0x00000002   Code   RO          312    .text.SVC_Handler   stm32f4xx_it.o
    0x0800a626   0x0800a626   0x00000002   PAD
    0x0800a628   0x0800a628   0x00000004   Code   RO          318    .text.SysTick_Handler  stm32f4xx_it.o
    0x0800a62c   0x0800a62c   0x000000a8   Code   RO          206    .text.SystemClock_Config  main.o
    0x0800a6d4   0x0800a6d4   0x00000012   Code   RO         1045    .text.SystemInit    system_stm32f4xx.o
    0x0800a6e6   0x0800a6e6   0x00000002   PAD
    0x0800a6e8   0x0800a6e8   0x000000ee   Code   RO          927    .text.UART_SetConfig  stm32f4xx_hal_uart.o
    0x0800a7d6   0x0800a7d6   0x00000002   PAD
    0x0800a7d8   0x0800a7d8   0x00000002   Code   RO          310    .text.UsageFault_Handler  stm32f4xx_it.o
    0x0800a7da   0x0800a7da   0x00000002   PAD
    0x0800a7dc   0x0800a7dc   0x0000004c   Code   RO           50    .text.delay_us      delay.o
    0x0800a828   0x0800a828   0x00000020   Code   RO          210    .text.fputc         main.o
    0x0800a848   0x0800a848   0x00000fa0   Code   RO          204    .text.main          main.o
    0x0800b7e8   0x0800b7e8   0x00000020   Code   RO         1217    i.__0printf$5       mc_w.l(printf5.o)
    0x0800b808   0x0800b808   0x0000000e   Code   RO         1456    i.__scatterload_copy  mc_w.l(handlers.o)
    0x0800b816   0x0800b816   0x00000002   Code   RO         1457    i.__scatterload_null  mc_w.l(handlers.o)
    0x0800b818   0x0800b818   0x0000000e   Code   RO         1458    i.__scatterload_zeroinit  mc_w.l(handlers.o)
    0x0800b826   0x0800b826   0x00000002   PAD
    0x0800b828   0x0800b828   0x000002c0   Code   RO         1224    i._printf_core      mc_w.l(printf5.o)
    0x0800bae8   0x0800bae8   0x0000000e   Data   RO          126    .rodata..Lswitch.table.LCD_Scan_Dir.1  lcd.o
    0x0800baf6   0x0800baf6   0x00000010   Data   RO         1050    .rodata.AHBPrescTable  system_stm32f4xx.o
    0x0800bb06   0x0800bb06   0x00000008   Data   RO         1051    .rodata.APBPrescTable  system_stm32f4xx.o
    0x0800bb0e   0x0800bb0e   0x00000006   Data   RO          215    .rodata.Page2_Update.status_color  main.o
    0x0800bb14   0x0800bb14   0x00000474   Data   RO          121    .rodata.asc2_1206   lcd.o
    0x0800bf88   0x0800bf88   0x000005f0   Data   RO          122    .rodata.asc2_1608   lcd.o
    0x0800c578   0x0800c578   0x00000d5c   Data   RO          123    .rodata.asc2_2412   lcd.o
    0x0800d2d4   0x0800d2d4   0x00000008   Data   RO          615    .rodata.cst8        stm32f4xx_hal_dma.o
    0x0800d2dc   0x0800d2dc   0x0000000c   Data   RO          216    .rodata.fault_str   main.o
    0x0800d2e8   0x0800d2e8   0x00000068   Data   RO          213    .rodata.str1.1      main.o
    0x0800d350   0x0800d350   0x00000020   Data   RO         1455    Region$$Table       anon$$obj.o


    Execution Region RW_IRAM1 (Exec base: 0x20000000, Load base: 0x0800d370, Size: 0x00000a40, Max: 0x0001c000, ABSOLUTE)

    Exec Addr    Load Addr    Size         Type   Attr      Idx    E Section Name        Object

    0x20000000   0x0800d370   0x00000004   Data   RW         1400    .data               mc_w.l(stdout.o)
    0x20000004   0x0800d374   0x00000008   Data   RW          793    .data..L_MergedGlobals  stm32f4xx_hal.o
    0x2000000c   0x0800d37c   0x00000002   Data   RW          125    .data.BACK_COLOR    lcd.o
    0x2000000e   0x0800d37e   0x00000002   PAD
    0x20000010   0x0800d380   0x00000004   Data   RW         1049    .data.SystemCoreClock  system_stm32f4xx.o
    0x20000014   0x0800d384   0x00000004   PAD
    0x20000018   0x0800d388   0x00000008   Data   RW           41    .data.fH_Num        ad9954.o
    0x20000020   0x0800d390   0x00000001   Data   RW          212    .data.page_changed  main.o
    0x20000021   0x0800d391   0x00000007   PAD
    0x20000028        -       0x00000010   Zero   RW          127    .bss..L_MergedGlobals  lcd.o
    0x20000038        -       0x00000050   Zero   RW          218    .bss..L_MergedGlobals  main.o
    0x20000088        -       0x00000001   Zero   RW          277    .bss.FSMC_Initialized  fsmc.o
    0x20000089   0x0800d391   0x00000001   PAD
    0x2000008a        -       0x00000320   Zero   RW          214    .bss.fine_val       main.o
    0x200003aa   0x0800d391   0x00000002   PAD
    0x200003ac        -       0x00000048   Zero   RW          247    .bss.hadc1          adc.o
    0x200003f4        -       0x00000048   Zero   RW          248    .bss.hadc2          adc.o
    0x2000043c        -       0x00000048   Zero   RW          249    .bss.hadc3          adc.o
    0x20000484        -       0x00000060   Zero   RW          250    .bss.hdma_adc1      adc.o
    0x200004e4        -       0x00000060   Zero   RW          251    .bss.hdma_adc2      adc.o
    0x20000544        -       0x00000060   Zero   RW          252    .bss.hdma_adc3      adc.o
    0x200005a4        -       0x00000050   Zero   RW          276    .bss.hsram1         fsmc.o
    0x200005f4        -       0x00000048   Zero   RW          293    .bss.huart1         usart.o
    0x2000063c        -       0x00000004   Zero   RW          792    .bss.uwTick         stm32f4xx_hal.o
    0x20000640        -       0x00000400   Zero   RW            1    STACK               startup_stm32f407xx.o


    Execution Region RW_IRAM2 (Exec base: 0x2001c000, Load base: 0x0800d398, Size: 0x00000000, Max: 0x00004000, ABSOLUTE)

    **** No section assigned to this execution region ****


==============================================================================

Image component sizes


      Code (inc. data)   RO Data    RW Data    ZI Data      Debug   Object Name

       858          0          0          8          0      14059   ad9954.o
       812          0          0          0        504       8195   adc.o
        76          0          0          0          0        898   delay.o
        88          0          0          0          0       3455   dma.o
       286          0          0          0         81       5881   fsmc.o
       484          0          0          0          0       4475   gpio.o
     25908         32       6094          2         16     103366   lcd.o
     11086        372        122          1        880      22948   main.o
        36          8        392          0       1024        824   startup_stm32f407xx.o
       204          0          0          8          4       7286   stm32f4xx_hal.o
      1598          0          0          0          0      12274   stm32f4xx_hal_adc.o
         2          0          0          0          0       9981   stm32f4xx_hal_adc_ex.o
       196          0          0          0          0      10740   stm32f4xx_hal_cortex.o
       802          6          8          0          0      10717   stm32f4xx_hal_dma.o
       448          0          0          0          0       5314   stm32f4xx_hal_gpio.o
        56          0          0          0          0       1441   stm32f4xx_hal_msp.o
      1484          0          0          0          0       7457   stm32f4xx_hal_rcc.o
        92          0          0          0          0      12967   stm32f4xx_hal_sram.o
       710          0          0          0          0      32368   stm32f4xx_hal_uart.o
       166          0          0          0          0       4707   stm32f4xx_it.o
       274          0          0          0          0       7627   stm32f4xx_ll_fsmc.o
        18          0         24          4          0       2570   system_stm32f4xx.o
       168          0          0          0         72       5235   usart.o

    ----------------------------------------------------------------------
     45956        422       6672         32       2588     294785   Object Totals
         0          0         32          0          0          0   (incl. Generated)
       104          4          0          9          7          0   (incl. Padding)

    ----------------------------------------------------------------------

      Code (inc. data)   RO Data    RW Data    ZI Data      Debug   Library Member Name

         0          0          0          0          0          0   entry.o
         0          0          0          0          0          0   entry10a.o
         0          0          0          0          0          0   entry11a.o
         8          4          0          0          0          0   entry2.o
         4          0          0          0          0          0   entry5.o
         0          0          0          0          0          0   entry7b.o
         0          0          0          0          0          0   entry8b.o
         8          4          0          0          0          0   entry9a.o
        30          0          0          0          0          0   handlers.o
        48         10          0          0          0         68   init.o
         0          0          0          0          0          0   iusefp.o
        30          0          0          0          0         68   llshl.o
        32          0          0          0          0         68   llushr.o
       736         56          0          0          0        184   printf5.o
         0          0          0          4          0          0   stdout.o
        98          0          0          0          0         92   uldiv.o
       186          0          0          0          0        176   depilogue.o
        50          0          0          0          0         76   dfixui.o
       228          0          0          0          0         96   dmul.o
        38          0          0          0          0         68   f2d.o

    ----------------------------------------------------------------------
      1500         74          0          4          0        896   Library Totals
         4          0          0          0          0          0   (incl. Padding)

    ----------------------------------------------------------------------

      Code (inc. data)   RO Data    RW Data    ZI Data      Debug   Library Name

       994         74          0          4          0        480   mc_w.l
       502          0          0          0          0        416   mf_w.l

    ----------------------------------------------------------------------
      1500         74          0          4          0        896   Library Totals

    ----------------------------------------------------------------------

==============================================================================


      Code (inc. data)   RO Data    RW Data    ZI Data      Debug   

     47456        496       6672         36       2588     295101   Grand Totals
     47456        496       6672         36       2588     295101   ELF Image Totals
     47456        496       6672         36          0          0   ROM Totals

==============================================================================

    Total RO  Size (Code + RO Data)                54128 (  52.86kB)
    Total RW  Size (RW Data + ZI Data)              2624 (   2.56kB)
    Total ROM Size (Code + RO Data + RW Data)      54164 (  52.89kB)

==============================================================================

